Component: ARM Compiler 5.06 update 6 (build 750) Tool: armlink [4d35ed]

==============================================================================

Section Cross References

    startup_stm32f427xx.o(STACK) refers (Special) to heapauxi.o(.text) for __use_two_region_memory
    startup_stm32f427xx.o(HEAP) refers (Special) to heapauxi.o(.text) for __use_two_region_memory
    startup_stm32f427xx.o(RESET) refers (Special) to heapauxi.o(.text) for __use_two_region_memory
    startup_stm32f427xx.o(RESET) refers to startup_stm32f427xx.o(STACK) for __initial_sp
    startup_stm32f427xx.o(RESET) refers to startup_stm32f427xx.o(.text) for Reset_Handler
    startup_stm32f427xx.o(RESET) refers to stm32f4xx_it.o(i.NMI_Handler) for NMI_Handler
    startup_stm32f427xx.o(RESET) refers to stm32f4xx_it.o(i.HardFault_Handler) for HardFault_Handler
    startup_stm32f427xx.o(RESET) refers to stm32f4xx_it.o(i.MemManage_Handler) for MemManage_Handler
    startup_stm32f427xx.o(RESET) refers to stm32f4xx_it.o(i.BusFault_Handler) for BusFault_Handler
    startup_stm32f427xx.o(RESET) refers to stm32f4xx_it.o(i.UsageFault_Handler) for UsageFault_Handler
    startup_stm32f427xx.o(RESET) refers to stm32f4xx_it.o(i.SVC_Handler) for SVC_Handler
    startup_stm32f427xx.o(RESET) refers to stm32f4xx_it.o(i.DebugMon_Handler) for DebugMon_Handler
    startup_stm32f427xx.o(RESET) refers to stm32f4xx_it.o(i.PendSV_Handler) for PendSV_Handler
    startup_stm32f427xx.o(RESET) refers to stm32f4xx_it.o(i.SysTick_Handler) for SysTick_Handler
    startup_stm32f427xx.o(RESET) refers to stm32f4xx_it.o(i.DMA1_Stream1_IRQHandler) for DMA1_Stream1_IRQHandler
    startup_stm32f427xx.o(RESET) refers to stm32f4xx_it.o(i.TIM1_UP_TIM10_IRQHandler) for TIM1_UP_TIM10_IRQHandler
    startup_stm32f427xx.o(RESET) refers to stm32f4xx_it.o(i.USART3_IRQHandler) for USART3_IRQHandler
    startup_stm32f427xx.o(RESET) refers to stm32f4xx_it.o(i.USART6_IRQHandler) for USART6_IRQHandler
    startup_stm32f427xx.o(RESET) refers to stm32f4xx_it.o(i.UART7_IRQHandler) for UART7_IRQHandler
    startup_stm32f427xx.o(.text) refers (Special) to heapauxi.o(.text) for __use_two_region_memory
    startup_stm32f427xx.o(.text) refers to system_stm32f4xx.o(i.SystemInit) for SystemInit
    startup_stm32f427xx.o(.text) refers to __main.o(!!!main) for __main
    startup_stm32f427xx.o(.text) refers to startup_stm32f427xx.o(HEAP) for Heap_Mem
    startup_stm32f427xx.o(.text) refers to startup_stm32f427xx.o(STACK) for Stack_Mem
    main.o(i._Z18SystemClock_Configv) refers to rt_memclr_w.o(.text) for __aeabi_memclr4
    main.o(i._Z18SystemClock_Configv) refers to stm32f4xx_hal_rcc.o(i.HAL_RCC_OscConfig) for HAL_RCC_OscConfig
    main.o(i._Z18SystemClock_Configv) refers to main.o(i.Error_Handler) for Error_Handler
    main.o(i._Z18SystemClock_Configv) refers to stm32f4xx_hal_rcc.o(i.HAL_RCC_ClockConfig) for HAL_RCC_ClockConfig
    main.o(i.__sti___6_main_c_Chassis) refers to main.o(i._ZN13Class_ChassisC1Ev) for Class_Chassis::Class_Chassis()
    main.o(i.__sti___6_main_c_Chassis) refers to main.o(.bss) for Chassis
    main.o(i.main) refers to stm32f4xx_hal.o(i.HAL_Init) for HAL_Init
    main.o(i.main) refers to main.o(i._Z18SystemClock_Configv) for SystemClock_Config()
    main.o(i.main) refers to gpio.o(i.MX_GPIO_Init) for MX_GPIO_Init
    main.o(i.main) refers to dma.o(i.MX_DMA_Init) for MX_DMA_Init
    main.o(i.main) refers to tim.o(i.MX_TIM4_Init) for MX_TIM4_Init
    main.o(i.main) refers to tim.o(i.MX_TIM5_Init) for MX_TIM5_Init
    main.o(i.main) refers to tim.o(i.MX_TIM8_Init) for MX_TIM8_Init
    main.o(i.main) refers to tim.o(i.MX_TIM2_Init) for MX_TIM2_Init
    main.o(i.main) refers to tim.o(i.MX_TIM9_Init) for MX_TIM9_Init
    main.o(i.main) refers to usart.o(i.MX_USART6_UART_Init) for MX_USART6_UART_Init
    main.o(i.main) refers to usart.o(i.MX_UART7_Init) for MX_UART7_Init
    main.o(i.main) refers to usart.o(i.MX_UART8_Init) for MX_UART8_Init
    main.o(i.main) refers to usart.o(i.MX_USART3_UART_Init) for MX_USART3_UART_Init
    main.o(i.main) refers to tim.o(i.MX_TIM10_Init) for MX_TIM10_Init
    main.o(i.main) refers to stm32f4xx_hal_tim.o(i.HAL_TIM_Base_Start_IT) for HAL_TIM_Base_Start_IT
    main.o(i.main) refers to rt_memcpy_w.o(.text) for __aeabi_memcpy4
    main.o(i.main) refers to chassis.o(i._ZN13Class_Chassis4InitE17TIM_HandleTypeDefS0_) for Class_Chassis::Init(TIM_HandleTypeDef, TIM_HandleTypeDef)
    main.o(i.main) refers to chassis.o(i._ZN13Class_Chassis18Set_Control_MethodE19Enum_Control_Method) for Class_Chassis::Set_Control_Method(Enum_Control_Method)
    main.o(i.main) refers to chassis.o(i._ZN13Class_Chassis6R_InitE17TIM_HandleTypeDefS0_) for Class_Chassis::R_Init(TIM_HandleTypeDef, TIM_HandleTypeDef)
    main.o(i.main) refers to steer.o(i._ZN11Class_Steer4InitE17TIM_HandleTypeDefh) for Class_Steer::Init(TIM_HandleTypeDef, unsigned char)
    main.o(i.main) refers to tim.o(.bss) for htim10
    main.o(i.main) refers to main.o(.bss) for Chassis
[...]
    i.HAL_UART_ErrorCallback                 0x08002180   Section        0  stm32f4xx_hal_uart.o(i.HAL_UART_ErrorCallback)
    i.HAL_UART_IRQHandler                    0x08002184   Section        0  stm32f4xx_hal_uart.o(i.HAL_UART_IRQHandler)
    i.HAL_UART_Init                          0x08002464   Section        0  stm32f4xx_hal_uart.o(i.HAL_UART_Init)
    i.HAL_UART_MspInit                       0x080024d8   Section        0  usart.o(i.HAL_UART_MspInit)
    i.HAL_UART_Receive_IT                    0x0800272c   Section        0  stm32f4xx_hal_uart.o(i.HAL_UART_Receive_IT)
    i.HAL_UART_RxCpltCallback                0x08002770   Section        0  linepatrol.o(i.HAL_UART_RxCpltCallback)
    i.HAL_UART_Transmit_IT                   0x0800279c   Section        0  stm32f4xx_hal_uart.o(i.HAL_UART_Transmit_IT)
    i.HAL_UART_TxCpltCallback                0x080027f4   Section        0  stm32f4xx_hal_uart.o(i.HAL_UART_TxCpltCallback)
    i.HardFault_Handler                      0x080027f6   Section        0  stm32f4xx_it.o(i.HardFault_Handler)
    i.MX_DMA_Init                            0x080027fc   Section        0  dma.o(i.MX_DMA_Init)
    i.MX_GPIO_Init                           0x08002834   Section        0  gpio.o(i.MX_GPIO_Init)
    i.MX_TIM10_Init                          0x08002a60   Section        0  tim.o(i.MX_TIM10_Init)
    i.MX_TIM2_Init                           0x08002a94   Section        0  tim.o(i.MX_TIM2_Init)
    i.MX_TIM4_Init                           0x08002b44   Section        0  tim.o(i.MX_TIM4_Init)
    i.MX_TIM5_Init                           0x08002c18   Section        0  tim.o(i.MX_TIM5_Init)
    i.MX_TIM8_Init                           0x08002ccc   Section        0  tim.o(i.MX_TIM8_Init)
    i.MX_TIM9_Init                           0x08002dd4   Section        0  tim.o(i.MX_TIM9_Init)
    i.MX_UART7_Init                          0x08002e70   Section        0  usart.o(i.MX_UART7_Init)
    i.MX_UART8_Init                          0x08002ea8   Section        0  usart.o(i.MX_UART8_Init)
    i.MX_USART3_UART_Init                    0x08002ee0   Section        0  usart.o(i.MX_USART3_UART_Init)
    i.MX_USART6_UART_Init                    0x08002f18   Section        0  usart.o(i.MX_USART6_UART_Init)
    i.MemManage_Handler                      0x08002f50   Section        0  stm32f4xx_it.o(i.MemManage_Handler)
    i.NMI_Handler                            0x08002f54   Section        0  stm32f4xx_it.o(i.NMI_Handler)
    i.PendSV_Handler                         0x08002f58   Section        0  stm32f4xx_it.o(i.PendSV_Handler)
    i.SVC_Handler                            0x08002f5a   Section        0  stm32f4xx_it.o(i.SVC_Handler)
    i.SysTick_Handler                        0x08002f5c   Section        0  stm32f4xx_it.o(i.SysTick_Handler)
    i.SystemInit                             0x08002f64   Section        0  system_stm32f4xx.o(i.SystemInit)
    i.TIM1_UP_TIM10_IRQHandler               0x08002f78   Section        0  stm32f4xx_it.o(i.TIM1_UP_TIM10_IRQHandler)
    i.TIM_Base_SetConfig                     0x08002f88   Section        0  stm32f4xx_hal_tim.o(i.TIM_Base_SetConfig)
    i.TIM_CCxChannelCmd                      0x08003060   Section        0  stm32f4xx_hal_tim.o(i.TIM_CCxChannelCmd)
    i.TIM_ETR_SetConfig                      0x08003082   Section        0  stm32f4xx_hal_tim.o(i.TIM_ETR_SetConfig)
    i.TIM_OC2_SetConfig                      0x08003098   Section        0  stm32f4xx_hal_tim.o(i.TIM_OC2_SetConfig)
    i.UART7_IRQHandler                       0x08003114   Section        0  stm32f4xx_it.o(i.UART7_IRQHandler)
    i.UART_Start_Receive_IT                  0x08003124   Section        0  stm32f4xx_hal_uart.o(i.UART_Start_Receive_IT)
    i.USART3_IRQHandler                      0x08003170   Section        0  stm32f4xx_it.o(i.USART3_IRQHandler)
    i.USART6_IRQHandler                      0x08003180   Section        0  stm32f4xx_it.o(i.USART6_IRQHandler)
    i.UsageFault_Handler                     0x08003190   Section        0  stm32f4xx_it.o(i.UsageFault_Handler)
    i._Z18LinePatrol_ReceiveP20__UART_HandleTypeDef 0x08003194   Section        0  linepatrol.o(i._Z18LinePatrol_ReceiveP20__UART_HandleTypeDef)
    i._Z18SystemClock_Configv                0x080031e8   Section        0  main.o(i._Z18SystemClock_Configv)
    i._Z20LinePatrol_Start_LowPhS_S_         0x0800329c   Section        0  linepatrol.o(i._Z20LinePatrol_Start_LowPhS_S_)
    i._ZN11Class_Motor25Get_Rotate_Direction_FlagEv 0x080033f4   Section        0  motor.o(i._ZN11Class_Motor25Get_Rotate_Direction_FlagEv)
    i._ZN11Class_Motor25Set_Rotate_Direction_FlagE21Enum_Rotate_Direction 0x080033fc   Section        0  motor.o(i._ZN11Class_Motor25Set_Rotate_Direction_FlagE21Enum_Rotate_Direction)
    i._ZN11Class_Motor4InitE17TIM_HandleTypeDefhtP12GPIO_TypeDeftS2_ 0x08003402   Section        0  motor.o(i._ZN11Class_Motor4InitE17TIM_HandleTypeDefhtP12GPIO_TypeDeftS2_)
    i._ZN11Class_Motor6OutputEv              0x0800348c   Section        0  motor.o(i._ZN11Class_Motor6OutputEv)
    i._ZN11Class_MotorC1Ev                   0x08003534   Section        0  main.o(i._ZN11Class_MotorC1Ev)
    i._ZN11Class_Steer4InitE17TIM_HandleTypeDefh 0x08003554   Section        0  steer.o(i._ZN11Class_Steer4InitE17TIM_HandleTypeDefh)
    i._ZN13Class_Chassis12Set_VelocityE12SpeedTypeDef 0x080035c8   Section        0  chassis.o(i._ZN13Class_Chassis12Set_VelocityE12SpeedTypeDef)
    i._ZN13Class_Chassis18Set_Control_MethodE19Enum_Control_Method 0x080035de   Section        0  chassis.o(i._ZN13Class_Chassis18Set_Control_MethodE19Enum_Control_Method)
    i._ZN13Class_Chassis35Calculate_TIM_PeriodElapsedCallbackEv 0x08003608   Section        0  chassis.o(i._ZN13Class_Chassis35Calculate_TIM_PeriodElapsedCallbackEv)
    i._ZN13Class_Chassis4InitE17TIM_HandleTypeDefS0_ 0x080037bc   Section        0  chassis.o(i._ZN13Class_Chassis4InitE17TIM_HandleTypeDefS0_)
    i._ZN13Class_Chassis6R_InitE17TIM_HandleTypeDefS0_ 0x08003ccc   Section        0  chassis.o(i._ZN13Class_Chassis6R_InitE17TIM_HandleTypeDefS0_)
    i._ZN13Class_ChassisC1Ev                 0x08003eb4   Section        0  main.o(i._ZN13Class_ChassisC1Ev)
    i._ZN29Class_Motor_With_Hall_Encoder16Set_Omega_TargetEf 0x08003f0c   Section        0  motor.o(i._ZN29Class_Motor_With_Hall_Encoder16Set_Omega_TargetEf)
    i._ZN29Class_Motor_With_Hall_Encoder18Set_Control_MethodE19Enum_Control_Method 0x08003f12   Section        0  motor.o(i._ZN29Class_Motor_With_Hall_Encoder18Set_Control_MethodE19Enum_Control_Method)
    i._ZN29Class_Motor_With_Hall_Encoder35Calculate_TIM_PeriodElapsedCallbackEv 0x08003f18   Section        0  motor.o(i._ZN29Class_Motor_With_Hall_Encoder35Calculate_TIM_PeriodElapsedCallbackEv)
    i._ZN29Class_Motor_With_Hall_Encoder4InitE17TIM_HandleTypeDefhtP12GPIO_TypeDeftS2_S0_tS2_tS2_ 0x08004058   Section        0  motor.o(i._ZN29Class_Motor_With_Hall_Encoder4InitE17TIM_HandleTypeDefhtP12GPIO_TypeDeftS2_S0_tS2_tS2_)
    i._ZN29Class_Motor_With_Hall_EncoderC1Ev 0x08004158   Section        0  main.o(i._ZN29Class_Motor_With_Hall_EncoderC1Ev)
    i._ZN41_INTERNAL_19_stm32f4xx_hal_dma_c_c25f65ec18DMA_CheckFifoParamEP19__DMA_HandleTypeDef 0x080041bc   Section        0  stm32f4xx_hal_dma.o(i._ZN41_INTERNAL_19_stm32f4xx_hal_dma_c_c25f65ec18DMA_CheckFifoParamEP19__DMA_HandleTypeDef)
    [local to stm32f4xx_hal_dma_c]::DMA_CheckFifoParam(__DMA_HandleTypeDef*) 0x080041bd   Thumb Code   170  stm32f4xx_hal_dma.o(i._ZN41_INTERNAL_19_stm32f4xx_hal_dma_c_c25f65ec18DMA_CheckFifoParamEP19__DMA_HandleTypeDef)
    i._ZN41_INTERNAL_19_stm32f4xx_hal_dma_c_c25f65ec23DMA_CalcBaseAndBitshiftEP19__DMA_HandleTypeDef 0x08004268   Section        0  stm32f4xx_hal_dma.o(i._ZN41_INTERNAL_19_stm32f4xx_hal_dma_c_c25f65ec23DMA_CalcBaseAndBitshiftEP19__DMA_HandleTypeDef)
    [local to stm32f4xx_hal_dma_c]::DMA_CalcBaseAndBitshift(__DMA_HandleTypeDef*) 0x08004269   Thumb Code    46  stm32f4xx_hal_dma.o(i._ZN41_INTERNAL_19_stm32f4xx_hal_dma_c_c25f65ec23DMA_CalcBaseAndBitshiftEP19__DMA_HandleTypeDef)
    i._ZN41_INTERNAL_19_stm32f4xx_hal_tim_c_a9d95b5217TIM_OC1_SetConfigEP11TIM_TypeDefP18TIM_OC_InitTypeDef 0x0800429c   Section        0  stm32f4xx_hal_tim.o(i._ZN41_INTERNAL_19_stm32f4xx_hal_tim_c_a9d95b5217TIM_OC1_SetConfigEP11TIM_TypeDefP18TIM_OC_InitTypeDef)
    [local to stm32f4xx_hal_tim_c]::TIM_OC1_SetConfig(TIM_TypeDef*, TIM_OC_InitTypeDef*) 0x0800429d   Thumb Code   104  stm32f4xx_hal_tim.o(i._ZN41_INTERNAL_19_stm32f4xx_hal_tim_c_a9d95b5217TIM_OC1_SetConfigEP11TIM_TypeDefP18TIM_OC_InitTypeDef)
    i._ZN41_INTERNAL_19_stm32f4xx_hal_tim_c_a9d95b5217TIM_OC3_SetConfigEP11TIM_TypeDefP18TIM_OC_InitTypeDef 0x0800430c   Section        0  stm32f4xx_hal_tim.o(i._ZN41_INTERNAL_19_stm32f4xx_hal_tim_c_a9d95b5217TIM_OC3_SetConfigEP11TIM_TypeDefP18TIM_OC_InitTypeDef)
    [local to stm32f4xx_hal_tim_c]::TIM_OC3_SetConfig(TIM_TypeDef*, TIM_OC_InitTypeDef*) 0x0800430d   Thumb Code   112  stm32f4xx_hal_tim.o(i._ZN41_INTERNAL_19_stm32f4xx_hal_tim_c_a9d95b5217TIM_OC3_SetConfigEP11TIM_TypeDefP18TIM_OC_InitTypeDef)
    i._ZN41_INTERNAL_19_stm32f4xx_hal_tim_c_a9d95b5217TIM_OC4_SetConfigEP11TIM_TypeDefP18TIM_OC_InitTypeDef 0x08004384   Section        0  stm32f4xx_hal_tim.o(i._ZN41_INTERNAL_19_stm32f4xx_hal_tim_c_a9d95b5217TIM_OC4_SetConfigEP11TIM_TypeDefP18TIM_OC_InitTypeDef)
    [local to stm32f4xx_hal_tim_c]::TIM_OC4_SetConfig(TIM_TypeDef*, TIM_OC_InitTypeDef*) 0x08004385   Thumb Code    74  stm32f4xx_hal_tim.o(i._ZN41_INTERNAL_19_stm32f4xx_hal_tim_c_a9d95b5217TIM_OC4_SetConfigEP11TIM_TypeDefP18TIM_OC_InitTypeDef)
    i._ZN41_INTERNAL_19_stm32f4xx_hal_tim_c_a9d95b5218TIM_ITRx_SetConfigEP11TIM_TypeDefj 0x080043d8   Section        0  stm32f4xx_hal_tim.o(i._ZN41_INTERNAL_19_stm32f4xx_hal_tim_c_a9d95b5218TIM_ITRx_SetConfigEP11TIM_TypeDefj)
    [local to stm32f4xx_hal_tim_c]::TIM_ITRx_SetConfig(TIM_TypeDef*, unsigned) 0x080043d9   Thumb Code    18  stm32f4xx_hal_tim.o(i._ZN41_INTERNAL_19_stm32f4xx_hal_tim_c_a9d95b5218TIM_ITRx_SetConfigEP11TIM_TypeDefj)
    i._ZN41_INTERNAL_19_stm32f4xx_hal_tim_c_a9d95b5224TIM_TI1_ConfigInputStageEP11TIM_TypeDefjj 0x080043ea   Section        0  stm32f4xx_hal_tim.o(i._ZN41_INTERNAL_19_stm32f4xx_hal_tim_c_a9d95b5224TIM_TI1_ConfigInputStageEP11TIM_TypeDefjj)
    [local to stm32f4xx_hal_tim_c]::TIM_TI1_ConfigInputStage(TIM_TypeDef*, unsigned, unsigned) 0x080043eb   Thumb Code    38  stm32f4xx_hal_tim.o(i._ZN41_INTERNAL_19_stm32f4xx_hal_tim_c_a9d95b5224TIM_TI1_ConfigInputStageEP11TIM_TypeDefjj)
    i._ZN41_INTERNAL_19_stm32f4xx_hal_tim_c_a9d95b5224TIM_TI2_ConfigInputStageEP11TIM_TypeDefjj 0x08004410   Section        0  stm32f4xx_hal_tim.o(i._ZN41_INTERNAL_19_stm32f4xx_hal_tim_c_a9d95b5224TIM_TI2_ConfigInputStageEP11TIM_TypeDefjj)
    [local to stm32f4xx_hal_tim_c]::TIM_TI2_ConfigInputStage(TIM_TypeDef*, unsigned, unsigned) 0x08004411   Thumb Code    40  stm32f4xx_hal_tim.o(i._ZN41_INTERNAL_19_stm32f4xx_hal_tim_c_a9d95b5224TIM_TI2_ConfigInputStageEP11TIM_TypeDefjj)
    i._ZN42_INTERNAL_20_stm32f4xx_hal_uart_c_d497114f14UART_SetConfigEP20__UART_HandleTypeDef 0x08004438   Section        0  stm32f4xx_hal_uart.o(i._ZN42_INTERNAL_20_stm32f4xx_hal_uart_c_d497114f14UART_SetConfigEP20__UART_HandleTypeDef)
    [local to stm32f4xx_hal_uart_c]::UART_SetConfig(__UART_HandleTypeDef*) 0x08004439   Thumb Code   546  stm32f4xx_hal_uart.o(i._ZN42_INTERNAL_20_stm32f4xx_hal_uart_c_d497114f14UART_SetConfigEP20__UART_HandleTypeDef)
    i._ZN42_INTERNAL_20_stm32f4xx_hal_uart_c_d497114f15UART_Receive_ITEP20__UART_HandleTypeDef 0x08004664   Section        0  stm32f4xx_hal_uart.o(i._ZN42_INTERNAL_20_stm32f4xx_hal_uart_c_d497114f15UART_Receive_ITEP20__UART_HandleTypeDef)
    [local to stm32f4xx_hal_uart_c]::UART_Receive_IT(__UART_HandleTypeDef*) 0x08004665   Thumb Code   248  stm32f4xx_hal_uart.o(i._ZN42_INTERNAL_20_stm32f4xx_hal_uart_c_d497114f15UART_Receive_ITEP20__UART_HandleTypeDef)
    i._ZN42_INTERNAL_20_stm32f4xx_hal_uart_c_d497114f16UART_Transmit_ITEP20__UART_HandleTypeDef 0x0800475c   Section        0  stm32f4xx_hal_uart.o(i._ZN42_INTERNAL_20_stm32f4xx_hal_uart_c_d497114f16UART_Transmit_ITEP20__UART_HandleTypeDef)
    [local to stm32f4xx_hal_uart_c]::UART_Transmit_IT(__UART_HandleTypeDef*) 0x0800475d   Thumb Code    96  stm32f4xx_hal_uart.o(i._ZN42_INTERNAL_20_stm32f4xx_hal_uart_c_d497114f16UART_Transmit_ITEP20__UART_HandleTypeDef)
    i._ZN42_INTERNAL_20_stm32f4xx_hal_uart_c_d497114f18UART_EndRxTransferEP20__UART_HandleTypeDef 0x080047bc   Section        0  stm32f4xx_hal_uart.o(i._ZN42_INTERNAL_20_stm32f4xx_hal_uart_c_d497114f18UART_EndRxTransferEP20__UART_HandleTypeDef)
    [local to stm32f4xx_hal_uart_c]::UART_EndRxTransfer(__UART_HandleTypeDef*) 0x080047bd   Thumb Code   108  stm32f4xx_hal_uart.o(i._ZN42_INTERNAL_20_stm32f4xx_hal_uart_c_d497114f18UART_EndRxTransferEP20__UART_HandleTypeDef)
    i._ZN42_INTERNAL_20_stm32f4xx_hal_uart_c_d497114f19UART_EndTransmit_ITEP20__UART_HandleTypeDef 0x08004828   Section        0  stm32f4xx_hal_uart.o(i._ZN42_INTERNAL_20_stm32f4xx_hal_uart_c_d497114f19UART_EndTransmit_ITEP20__UART_HandleTypeDef)
    [local to stm32f4xx_hal_uart_c]::UART_EndTransmit_IT(__UART_HandleTypeDef*) 0x08004829   Thumb Code    32  stm32f4xx_hal_uart.o(i._ZN42_INTERNAL_20_stm32f4xx_hal_uart_c_d497114f19UART_EndTransmit_ITEP20__UART_HandleTypeDef)
    i._ZN42_INTERNAL_20_stm32f4xx_hal_uart_c_d497114f20UART_DMAAbortOnErrorEP19__DMA_HandleTypeDef 0x08004848   Section        0  stm32f4xx_hal_uart.o(i._ZN42_INTERNAL_20_stm32f4xx_hal_uart_c_d497114f20UART_DMAAbortOnErrorEP19__DMA_HandleTypeDef)
    [local to stm32f4xx_hal_uart_c]::UART_DMAAbortOnError(__DMA_HandleTypeDef*) 0x08004849   Thumb Code    20  stm32f4xx_hal_uart.o(i._ZN42_INTERNAL_20_stm32f4xx_hal_uart_c_d497114f20UART_DMAAbortOnErrorEP19__DMA_HandleTypeDef)
    i._ZN44_INTERNAL_22_stm32f4xx_hal_cortex_c_2992dbc018__NVIC_SetPriorityE9IRQn_Typej 0x0800485c   Section        0  stm32f4xx_hal_cortex.o(i._ZN44_INTERNAL_22_stm32f4xx_hal_cortex_c_2992dbc018__NVIC_SetPriorityE9IRQn_Typej)
    [local to stm32f4xx_hal_cortex_c]::__NVIC_SetPriority(IRQn_Type, unsigned) 0x0800485d   Thumb Code    32  stm32f4xx_hal_cortex.o(i._ZN44_INTERNAL_22_stm32f4xx_hal_cortex_c_2992dbc018__NVIC_SetPriorityE9IRQn_Typej)
    i._ZN44_INTERNAL_22_stm32f4xx_hal_cortex_c_2992dbc026__NVIC_GetPriorityGroupingEv 0x08004884   Section        0  stm32f4xx_hal_cortex.o(i._ZN44_INTERNAL_22_stm32f4xx_hal_cortex_c_2992dbc026__NVIC_GetPriorityGroupingEv)
    [local to stm32f4xx_hal_cortex_c]::__NVIC_GetPriorityGrouping() 0x08004885   Thumb Code    10  stm32f4xx_hal_cortex.o(i._ZN44_INTERNAL_22_stm32f4xx_hal_cortex_c_2992dbc026__NVIC_GetPriorityGroupingEv)
    i._ZN9Class_PID10Set_TargetEf            0x08004894   Section        0  pid.o(i._ZN9Class_PID10Set_TargetEf)
    i._ZN9Class_PID32Adjust_TIM_PeriodElapsedCallbackEv 0x0800489c   Section        0  pid.o(i._ZN9Class_PID32Adjust_TIM_PeriodElapsedCallbackEv)
    i._ZN9Class_PID4InitEfffff               0x08004abc   Section        0  pid.o(i._ZN9Class_PID4InitEfffff)
    i._ZN9Class_PID7Get_OutEv                0x08004ad2   Section        0  pid.o(i._ZN9Class_PID7Get_OutEv)
    i._ZN9Class_PID7Set_NowEf                0x08004ad8   Section        0  pid.o(i._ZN9Class_PID7Set_NowEf)
    i._ZN9Class_PIDC1Ev                      0x08004ae0   Section        0  main.o(i._ZN9Class_PIDC1Ev)
    i._ZN9StepMotor22Set_Motor_Timer_OutputEv 0x08004b50   Section        0  stepmotor.o(i._ZN9StepMotor22Set_Motor_Timer_OutputEv)
    i._ZN9StepMotor23Set_Motor_Running_SpeedEjj 0x08004bae   Section        0  stepmotor.o(i._ZN9StepMotor23Set_Motor_Running_SpeedEjj)
    i._ZN9StepMotor24Set_Motor_Running_StatusEtt 0x08004bc0   Section        0  stepmotor.o(i._ZN9StepMotor24Set_Motor_Running_StatusEtt)
    i._ZN9StepMotor4initEP17TIM_HandleTypeDefjjP12GPIO_TypeDeftS3_t 0x08004bfa   Section        0  stepmotor.o(i._ZN9StepMotor4initEP17TIM_HandleTypeDefjjP12GPIO_TypeDeftS3_t)
    i._ZN9StepMotor8Get_htimEv               0x08004c6c   Section        0  stepmotor.o(i._ZN9StepMotor8Get_htimEv)
    i.__aeabi_vec_ctor_nocookie_nodtor       0x08004c72   Section        0  aeabi_vec_ctor_nocookie_nodtor.o(i.__aeabi_vec_ctor_nocookie_nodtor)
    i.__sti___6_main_c_Chassis               0x08004c98   Section        0  main.o(i.__sti___6_main_c_Chassis)
    __sti___6_main_c_Chassis                 0x08004c99   Thumb Code    16  main.o(i.__sti___6_main_c_Chassis)
    i.main                                   0x08004cb0   Section        0  main.o(i.main)
    t._Z14Math_ConstrainIfEvPT_S0_S0_        0x08005260   Section        0  chassis.o(t._Z14Math_ConstrainIfEvPT_S0_S0_)
    t._Z14Math_ConstrainIiEvPT_S0_S0_        0x08005288   Section        0  motor.o(t._Z14Math_ConstrainIiEvPT_S0_S0_)
    t._Z8Math_AbsIfET_S0_                    0x0800529c   Section        0  pid.o(t._Z8Math_AbsIfET_S0_)
    t._Z8Math_AbsIiET_S0_                    0x080052b6   Section        0  motor.o(t._Z8Math_AbsIiET_S0_)
    x$fpl$fpinit                             0x080052c4   Section       10  fpinit.o(x$fpl$fpinit)
    $v0                                      0x080052c4   Number         0  fpinit.o(x$fpl$fpinit)
    .constdata                               0x080052d0   Section       12  main.o(.constdata)
    <Data1>                                  0x080052d0   Data          12  main.o(.constdata)
    .constdata                               0x080052dc   Section        8  stm32f4xx_hal_dma.o(.constdata)
    [local to stm32f4xx_hal_dma_c]::DMA_CalcBaseAndBitshift(__DMA_HandleTypeDef*)::flagBitshiftOffset 0x080052dc   Data           8  stm32f4xx_hal_dma.o(.constdata)
    .constdata                               0x080052e4   Section       24  system_stm32f4xx.o(.constdata)
    .init_array                              0x0800531c   Section        4  main.o(.init_array)
    .init_array                              0x08005320   Section        0  init_aeabi.o(.init_array)
    .data                                    0x20000000   Section       65  main.o(.data)
    .data                                    0x20000044   Section      124  linepatrol.o(.data)
    .data                                    0x200000c0   Section        9  stm32f4xx_hal.o(.data)
    .data                                    0x200000cc   Section        4  system_stm32f4xx.o(.data)
    .bss                                     0x200000d0   Section     4564  main.o(.bss)
    .bss                                     0x200012a4   Section      432  tim.o(.bss)
    .bss                                     0x20001454   Section      368  usart.o(.bss)
    .bss                                     0x200015c4   Section       12  linepatrol.o(.bss)
    .bss                                     0x200015d0   Section       36  stepmotor.o(.bss)
    .bss                                     0x200015f4   Section       96  libspace.o(.bss)
    HEAP                                     0x20001658   Section      512  startup_stm32f427xx.o(HEAP)
    Heap_Mem                                 0x20001658   Data         512  startup_stm32f427xx.o(HEAP)
    STACK                                    0x20001858   Section     1024  startup_stm32f427xx.o(STACK)
    Stack_Mem                                0x20001858   Data        1024  startup_stm32f427xx.o(STACK)
    __initial_sp                             0x20001c58   Data           0  startup_stm32f427xx.o(STACK)

    Global Symbols

    Symbol Name                              Value     Ov Type        Size  Object(Section)

    BuildAttributes$$THM_ISAv4$E$P$D$K$B$S$7EM$VFPi3$EXTD16$VFPS$VFMA$PE$A:L22UL41UL21$X:L11$S22US41US21$IEEE1$IW$USESV6$~STKCKD$USESV7$~SHL$OTIME$ROPI$EBA8$UX$STANDARDLIB$REQ8$PRES8$EABIv2 0x00000000   Number         0  anon$$obj.o ABSOLUTE
    __ARM_use_no_argv                        0x00000000   Number         0  main.o ABSOLUTE
    SHT$$ARM_EXIDX$$Base                      - Undefined Reference
    SHT$$ARM_EXIDX$$Limit                     - Undefined Reference
    __ARM_exceptions_init                     - Undefined Weak Reference
    __aeabi_unwind_cpp_pr1                    - Undefined Weak Reference
    __aeabi_unwind_cpp_pr2                    - Undefined Weak Reference
    __alloca_initialize                       - Undefined Weak Reference
    __arm_preinit_                            - Undefined Weak Reference
    __cxa_begin_cleanup                       - Undefined Weak Reference
    __cxa_call_unexpected                     - Undefined Weak Reference
    __cxa_finalize                            - Undefined Weak Reference
    __cxa_type_match                          - Undefined Weak Reference
    __rt_locale                               - Undefined Weak Reference
    __sigvec_lookup                           - Undefined Weak Reference
    __user_heap_extent                        - Undefined Weak Reference
    _atexit_init                              - Undefined Weak Reference
    _call_atexit_fns                          - Undefined Weak Reference
    _clock_init                               - Undefined Weak Reference
    _fp_trap_init                             - Undefined Weak Reference
    _fp_trap_shutdown                         - Undefined Weak Reference
    _get_lc_collate                           - Undefined Weak Reference
    _get_lc_ctype                             - Undefined Weak Reference
    _get_lc_monetary                          - Undefined Weak Reference
    _get_lc_numeric                           - Undefined Weak Reference
    _get_lc_time                              - Undefined Weak Reference
    _getenv_init                              - Undefined Weak Reference
    _handle_redirection                       - Undefined Weak Reference
    _initio                                   - Undefined Weak Reference
    _mutex_acquire                            - Undefined Weak Reference
    _mutex_free                               - Undefined Weak Reference
    _mutex_release                            - Undefined Weak Reference
    _rand_init                                - Undefined Weak Reference
    _signal_finish                            - Undefined Weak Reference
    _signal_init                              - Undefined Weak Reference
    _terminateio                              - Undefined Weak Reference
    __Vectors_Size                           0x000001ac   Number         0  startup_stm32f427xx.o ABSOLUTE
    __Vectors                                0x08000000   Data           4  startup_stm32f427xx.o(RESET)
    __Vectors_End                            0x080001ac   Data           0  startup_stm32f427xx.o(RESET)
    __main                                   0x080001ad   Thumb Code     8  __main.o(!!!main)
    __scatterload                            0x080001b5   Thumb Code     0  __scatter.o(!!!scatter)
    __scatterload_rt2                        0x080001b5   Thumb Code    44  __scatter.o(!!!scatter)
    __scatterload_rt2_thumb_only             0x080001b5   Thumb Code     0  __scatter.o(!!!scatter)
    __scatterload_null                       0x080001c3   Thumb Code     0  __scatter.o(!!!scatter)
    __scatterload_copy                       0x080001e9   Thumb Code    26  __scatter_copy.o(!!handler_copy)
    __scatterload_zeroinit                   0x08000205   Thumb Code    28  __scatter_zi.o(!!handler_zi)
    __rt_lib_init                            0x08000221   Thumb Code     0  libinit.o(.ARM.Collect$$libinit$$00000000)
    __rt_lib_init_fp_1                       0x08000223   Thumb Code     0  libinit2.o(.ARM.Collect$$libinit$$00000001)
    __rt_lib_init_alloca_1                   0x08000227   Thumb Code     0  libinit2.o(.ARM.Collect$$libinit$$0000002E)
    __rt_lib_init_argv_1                     0x08000227   Thumb Code     0  libinit2.o(.ARM.Collect$$libinit$$0000002C)
    __rt_lib_init_atexit_1                   0x08000227   Thumb Code     0  libinit2.o(.ARM.Collect$$libinit$$0000001B)
    __rt_lib_init_clock_1                    0x08000227   Thumb Code     0  libinit2.o(.ARM.Collect$$libinit$$00000021)
    __rt_lib_init_cpp_2                      0x08000227   Thumb Code     0  libinit2.o(.ARM.Collect$$libinit$$00000031)
    __rt_lib_init_exceptions_1               0x08000227   Thumb Code     0  libinit2.o(.ARM.Collect$$libinit$$00000030)
    __rt_lib_init_fp_trap_1                  0x08000227   Thumb Code     0  libinit2.o(.ARM.Collect$$libinit$$0000001F)
    __rt_lib_init_getenv_1                   0x08000227   Thumb Code     0  libinit2.o(.ARM.Collect$$libinit$$00000023)
    __rt_lib_init_heap_1                     0x08000227   Thumb Code     0  libinit2.o(.ARM.Collect$$libinit$$0000000A)
    __rt_lib_init_lc_collate_1               0x08000227   Thumb Code     0  libinit2.o(.ARM.Collect$$libinit$$00000011)
    __rt_lib_init_lc_ctype_1                 0x08000227   Thumb Code     0  libinit2.o(.ARM.Collect$$libinit$$00000013)
    __rt_lib_init_lc_monetary_1              0x08000227   Thumb Code     0  libinit2.o(.ARM.Collect$$libinit$$00000015)
    __rt_lib_init_lc_numeric_1               0x08000227   Thumb Code     0  libinit2.o(.ARM.Collect$$libinit$$00000017)
    __rt_lib_init_lc_time_1                  0x08000227   Thumb Code     0  libinit2.o(.ARM.Collect$$libinit$$00000019)
    __rt_lib_init_preinit_1                  0x08000227   Thumb Code     0  libinit2.o(.ARM.Collect$$libinit$$00000004)
    __rt_lib_init_rand_1                     0x08000227   Thumb Code     0  libinit2.o(.ARM.Collect$$libinit$$0000000E)
    __rt_lib_init_signal_1                   0x08000227   Thumb Code     0  libinit2.o(.ARM.Collect$$libinit$$0000001D)
    __rt_lib_init_stdio_1                    0x08000227   Thumb Code     0  libinit2.o(.ARM.Collect$$libinit$$00000025)
    __rt_lib_init_user_alloc_1               0x08000227   Thumb Code     0  libinit2.o(.ARM.Collect$$libinit$$0000000C)
    __rt_lib_init_cpp_1                      0x0800022b   Thumb Code     0  libinit2.o(.ARM.Collect$$libinit$$00000032)
    __rt_lib_init_return                     0x0800022b   Thumb Code     0  libinit2.o(.ARM.Collect$$libinit$$00000033)
    __rt_lib_shutdown                        0x0800022d   Thumb Code     0  libshutdown.o(.ARM.Collect$$libshutdown$$00000000)
    __rt_lib_shutdown_cpp_1                  0x0800022f   Thumb Code     0  libshutdown2.o(.ARM.Collect$$libshutdown$$00000002)
    __rt_lib_shutdown_fp_trap_1              0x0800022f   Thumb Code     0  libshutdown2.o(.ARM.Collect$$libshutdown$$00000007)
    __rt_lib_shutdown_heap_1                 0x0800022f   Thumb Code     0  libshutdown2.o(.ARM.Collect$$libshutdown$$0000000F)
    __rt_lib_shutdown_return                 0x0800022f   Thumb Code     0  libshutdown2.o(.ARM.Collect$$libshutdown$$00000010)
    __rt_lib_shutdown_signal_1               0x0800022f   Thumb Code     0  libshutdown2.o(.ARM.Collect$$libshutdown$$0000000A)
    __rt_lib_shutdown_stdio_1                0x0800022f   Thumb Code     0  libshutdown2.o(.ARM.Collect$$libshutdown$$00000004)
    __rt_lib_shutdown_user_alloc_1           0x0800022f   Thumb Code     0  libshutdown2.o(.ARM.Collect$$libshutdown$$0000000C)
    __rt_entry                               0x08000231   Thumb Code     0  __rtentry.o(.ARM.Collect$$rtentry$$00000000)
    __rt_entry_presh_1                       0x08000231   Thumb Code     0  __rtentry2.o(.ARM.Collect$$rtentry$$00000002)
    __rt_entry_sh                            0x08000231   Thumb Code     0  __rtentry4.o(.ARM.Collect$$rtentry$$00000004)
    __rt_entry_li                            0x08000237   Thumb Code     0  __rtentry2.o(.ARM.Collect$$rtentry$$0000000A)
    __rt_entry_postsh_1                      0x08000237   Thumb Code     0  __rtentry2.o(.ARM.Collect$$rtentry$$00000009)
    __rt_entry_main                          0x0800023b   Thumb Code     0  __rtentry2.o(.ARM.Collect$$rtentry$$0000000D)
    __rt_entry_postli_1                      0x0800023b   Thumb Code     0  __rtentry2.o(.ARM.Collect$$rtentry$$0000000C)
    __rt_exit                                0x08000243   Thumb Code     0  rtexit.o(.ARM.Collect$$rtexit$$00000000)
    __rt_exit_ls                             0x08000245   Thumb Code     0  rtexit2.o(.ARM.Collect$$rtexit$$00000003)
    __rt_exit_prels_1                        0x08000245   Thumb Code     0  rtexit2.o(.ARM.Collect$$rtexit$$00000002)
    __rt_exit_exit                           0x08000249   Thumb Code     0  rtexit2.o(.ARM.Collect$$rtexit$$00000004)
    Reset_Handler                            0x08000251   Thumb Code     8  startup_stm32f427xx.o(.text)
    ADC_IRQHandler                           0x0800026b   Thumb Code     0  startup_stm32f427xx.o(.text)
    CAN1_RX0_IRQHandler                      0x0800026b   Thumb Code     0  startup_stm32f427xx.o(.text)
    CAN1_RX1_IRQHandler                      0x0800026b   Thumb Code     0  startup_stm32f427xx.o(.text)
    CAN1_SCE_IRQHandler                      0x0800026b   Thumb Code     0  startup_stm32f427xx.o(.text)
    CAN1_TX_IRQHandler                       0x0800026b   Thumb Code     0  startup_stm32f427xx.o(.text)
    CAN2_RX0_IRQHandler                      0x0800026b   Thumb Code     0  startup_stm32f427xx.o(.text)
    CAN2_RX1_IRQHandler                      0x0800026b   Thumb Code     0  startup_stm32f427xx.o(.text)
    CAN2_SCE_IRQHandler                      0x0800026b   Thumb Code     0  startup_stm32f427xx.o(.text)
    CAN2_TX_IRQHandler                       0x0800026b   Thumb Code     0  startup_stm32f427xx.o(.text)
    DCMI_IRQHandler                          0x0800026b   Thumb Code     0  startup_stm32f427xx.o(.text)
    DMA1_Stream0_IRQHandler                  0x0800026b   Thumb Code     0  startup_stm32f427xx.o(.text)
    DMA1_Stream2_IRQHandler                  0x0800026b   Thumb Code     0  startup_stm32f427xx.o(.text)
    DMA1_Stream3_IRQHandler                  0x0800026b   Thumb Code     0  startup_stm32f427xx.o(.text)
    DMA1_Stream4_IRQHandler                  0x0800026b   Thumb Code     0  startup_stm32f427xx.o(.text)
    DMA1_Stream5_IRQHandler                  0x0800026b   Thumb Code     0  startup_stm32f427xx.o(.text)
    DMA1_Stream6_IRQHandler                  0x0800026b   Thumb Code     0  startup_stm32f427xx.o(.text)
    DMA1_Stream7_IRQHandler                  0x0800026b   Thumb Code     0  startup_stm32f427xx.o(.text)
    DMA2D_IRQHandler                         0x0800026b   Thumb Code     0  startup_stm32f427xx.o(.text)
    DMA2_Stream0_IRQHandler                  0x0800026b   Thumb Code     0  startup_stm32f427xx.o(.text)
    DMA2_Stream1_IRQHandler                  0x0800026b   Thumb Code     0  startup_stm32f427xx.o(.text)
    DMA2_Stream2_IRQHandler                  0x0800026b   Thumb Code     0  startup_stm32f427xx.o(.text)
    DMA2_Stream3_IRQHandler                  0x0800026b   Thumb Code     0  startup_stm32f427xx.o(.text)
    DMA2_Stream4_IRQHandler                  0x0800026b   Thumb Code     0  startup_stm32f427xx.o(.text)
    DMA2_Stream5_IRQHandler                  0x0800026b   Thumb Code     0  startup_stm32f427xx.o(.text)
    DMA2_Stream6_IRQHandler                  0x0800026b   Thumb Code     0  startup_stm32f427xx.o(.text)
    DMA2_Stream7_IRQHandler                  0x0800026b   Thumb Code     0  startup_stm32f427xx.o(.text)
    ETH_IRQHandler                           0x0800026b   Thumb Code     0  startup_stm32f427xx.o(.text)
    ETH_WKUP_IRQHandler                      0x0800026b   Thumb Code     0  startup_stm32f427xx.o(.text)
    EXTI0_IRQHandler                         0x0800026b   Thumb Code     0  startup_stm32f427xx.o(.text)
    EXTI15_10_IRQHandler                     0x0800026b   Thumb Code     0  startup_stm32f427xx.o(.text)
    EXTI1_IRQHandler                         0x0800026b   Thumb Code     0  startup_stm32f427xx.o(.text)
    EXTI2_IRQHandler                         0x0800026b   Thumb Code     0  startup_stm32f427xx.o(.text)
    EXTI3_IRQHandler                         0x0800026b   Thumb Code     0  startup_stm32f427xx.o(.text)
    EXTI4_IRQHandler                         0x0800026b   Thumb Code     0  startup_stm32f427xx.o(.text)
    EXTI9_5_IRQHandler                       0x0800026b   Thumb Code     0  startup_stm32f427xx.o(.text)
    FLASH_IRQHandler                         0x0800026b   Thumb Code     0  startup_stm32f427xx.o(.text)
    FMC_IRQHandler                           0x0800026b   Thumb Code     0  startup_stm32f427xx.o(.text)
    FPU_IRQHandler                           0x0800026b   Thumb Code     0  startup_stm32f427xx.o(.text)
    HASH_RNG_IRQHandler                      0x0800026b   Thumb Code     0  startup_stm32f427xx.o(.text)
    I2C1_ER_IRQHandler                       0x0800026b   Thumb Code     0  startup_stm32f427xx.o(.text)
    I2C1_EV_IRQHandler                       0x0800026b   Thumb Code     0  startup_stm32f427xx.o(.text)
    I2C2_ER_IRQHandler                       0x0800026b   Thumb Code     0  startup_stm32f427xx.o(.text)
    I2C2_EV_IRQHandler                       0x0800026b   Thumb Code     0  startup_stm32f427xx.o(.text)
    I2C3_ER_IRQHandler                       0x0800026b   Thumb Code     0  startup_stm32f427xx.o(.text)
    I2C3_EV_IRQHandler                       0x0800026b   Thumb Code     0  startup_stm32f427xx.o(.text)
    OTG_FS_IRQHandler                        0x0800026b   Thumb Code     0  startup_stm32f427xx.o(.text)
    OTG_FS_WKUP_IRQHandler                   0x0800026b   Thumb Code     0  startup_stm32f427xx.o(.text)
    OTG_HS_EP1_IN_IRQHandler                 0x0800026b   Thumb Code     0  startup_stm32f427xx.o(.text)
    OTG_HS_EP1_OUT_IRQHandler                0x0800026b   Thumb Code     0  startup_stm32f427xx.o(.text)
    OTG_HS_IRQHandler                        0x0800026b   Thumb Code     0  startup_stm32f427xx.o(.text)
    OTG_HS_WKUP_IRQHandler                   0x0800026b   Thumb Code     0  startup_stm32f427xx.o(.text)
    PVD_IRQHandler                           0x0800026b   Thumb Code     0  startup_stm32f427xx.o(.text)
    RCC_IRQHandler                           0x0800026b   Thumb Code     0  startup_stm32f427xx.o(.text)
    RTC_Alarm_IRQHandler                     0x0800026b   Thumb Code     0  startup_stm32f427xx.o(.text)
    RTC_WKUP_IRQHandler                      0x0800026b   Thumb Code     0  startup_stm32f427xx.o(.text)
    SAI1_IRQHandler                          0x0800026b   Thumb Code     0  startup_stm32f427xx.o(.text)
    SDIO_IRQHandler                          0x0800026b   Thumb Code     0  startup_stm32f427xx.o(.text)
    SPI1_IRQHandler                          0x0800026b   Thumb Code     0  startup_stm32f427xx.o(.text)
    SPI2_IRQHandler                          0x0800026b   Thumb Code     0  startup_stm32f427xx.o(.text)
    SPI3_IRQHandler                          0x0800026b   Thumb Code     0  startup_stm32f427xx.o(.text)
    SPI4_IRQHandler                          0x0800026b   Thumb Code     0  startup_stm32f427xx.o(.text)
    SPI5_IRQHandler                          0x0800026b   Thumb Code     0  startup_stm32f427xx.o(.text)
    SPI6_IRQHandler                          0x0800026b   Thumb Code     0  startup_stm32f427xx.o(.text)
    TAMP_STAMP_IRQHandler                    0x0800026b   Thumb Code     0  startup_stm32f427xx.o(.text)
    TIM1_BRK_TIM9_IRQHandler                 0x0800026b   Thumb Code     0  startup_stm32f427xx.o(.text)
    TIM1_CC_IRQHandler                       0x0800026b   Thumb Code     0  startup_stm32f427xx.o(.text)
    TIM1_TRG_COM_TIM11_IRQHandler            0x0800026b   Thumb Code     0  startup_stm32f427xx.o(.text)
    TIM2_IRQHandler                          0x0800026b   Thumb Code     0  startup_stm32f427xx.o(.text)
    TIM3_IRQHandler                          0x0800026b   Thumb Code     0  startup_stm32f427xx.o(.text)
    TIM4_IRQHandler                          0x0800026b   Thumb Code     0  startup_stm32f427xx.o(.text)
    TIM5_IRQHandler                          0x0800026b   Thumb Code     0  startup_stm32f427xx.o(.text)
    TIM6_DAC_IRQHandler                      0x0800026b   Thumb Code     0  startup_stm32f427xx.o(.text)
    TIM7_IRQHandler                          0x0800026b   Thumb Code     0  startup_stm32f427xx.o(.text)
    TIM8_BRK_TIM12_IRQHandler                0x0800026b   Thumb Code     0  startup_stm32f427xx.o(.text)
    TIM8_CC_IRQHandler                       0x0800026b   Thumb Code     0  startup_stm32f427xx.o(.text)
    TIM8_TRG_COM_TIM14_IRQHandler            0x0800026b   Thumb Code     0  startup_stm32f427xx.o(.text)
    TIM8_UP_TIM13_IRQHandler                 0x0800026b   Thumb Code     0  startup_stm32f427xx.o(.text)
    UART4_IRQHandler                         0x0800026b   Thumb Code     0  startup_stm32f427xx.o(.text)
    UART5_IRQHandler                         0x0800026b   Thumb Code     0  startup_stm32f427xx.o(.text)
    UART8_IRQHandler                         0x0800026b   Thumb Code     0  startup_stm32f427xx.o(.text)
    USART1_IRQHandler                        0x0800026b   Thumb Code     0  startup_stm32f427xx.o(.text)
    USART2_IRQHandler                        0x0800026b   Thumb Code     0  startup_stm32f427xx.o(.text)
    WWDG_IRQHandler                          0x0800026b   Thumb Code     0  startup_stm32f427xx.o(.text)
    __user_initial_stackheap                 0x0800026d   Thumb Code     0  startup_stm32f427xx.o(.text)
    __aeabi_uldivmod                         0x08000291   Thumb Code     0  lludivv7m.o(.text)
    _ll_udiv                                 0x08000291   Thumb Code   238  lludivv7m.o(.text)
    __aeabi_memcpy4                          0x0800037f   Thumb Code     0  rt_memcpy_w.o(.text)
    __aeabi_memcpy8                          0x0800037f   Thumb Code     0  rt_memcpy_w.o(.text)
    __rt_memcpy_w                            0x0800037f   Thumb Code   100  rt_memcpy_w.o(.text)
    _memcpy_lastbytes_aligned                0x080003c7   Thumb Code     0  rt_memcpy_w.o(.text)
    __aeabi_memclr4                          0x080003e3   Thumb Code     0  rt_memclr_w.o(.text)
    __aeabi_memclr8                          0x080003e3   Thumb Code     0  rt_memclr_w.o(.text)
    __rt_memclr_w                            0x080003e3   Thumb Code    78  rt_memclr_w.o(.text)
    _memset_w                                0x080003e7   Thumb Code     0  rt_memclr_w.o(.text)
    __use_two_region_memory                  0x08000431   Thumb Code     2  heapauxi.o(.text)
    __rt_heap_escrow                         0x08000433   Thumb Code     2  heapauxi.o(.text)
    __rt_heap_expand                         0x08000435   Thumb Code     2  heapauxi.o(.text)
    __cpp_initialize__aeabi_                 0x08000439   Thumb Code    26  init_aeabi.o(.text)
    __user_setup_stackheap                   0x0800045d   Thumb Code    74  sys_stackheap_outer.o(.text)
    exit                                     0x080004a7   Thumb Code    18  exit.o(.text)
    __user_libspace                          0x080004b9   Thumb Code     8  libspace.o(.text)
    __user_perproc_libspace                  0x080004b9   Thumb Code     0  libspace.o(.text)
    __user_perthread_libspace                0x080004b9   Thumb Code     0  libspace.o(.text)
    _sys_exit                                0x080004c1   Thumb Code     8  sys_exit.o(.text)
    __I$use$semihosting                      0x080004cd   Thumb Code     0  use_no_semi.o(.text)
    __use_no_semihosting_swi                 0x080004cd   Thumb Code     2  use_no_semi.o(.text)
    BusFault_Handler                         0x080004cf   Thumb Code     4  stm32f4xx_it.o(i.BusFault_Handler)
    __semihosting_library_function           0x080004cf   Thumb Code     0  indicate_semi.o(.text)
    DMA1_Stream1_IRQHandler                  0x080004d5   Thumb Code    10  stm32f4xx_it.o(i.DMA1_Stream1_IRQHandler)
    DebugMon_Handler                         0x080004e5   Thumb Code     2  stm32f4xx_it.o(i.DebugMon_Handler)
    Error_Handler                            0x080004e7   Thumb Code     6  main.o(i.Error_Handler)
    HAL_DMA_Abort                            0x080004ed   Thumb Code   172  stm32f4xx_hal_dma.o(i.HAL_DMA_Abort)
    HAL_DMA_Abort_IT                         0x08000599   Thumb Code    40  stm32f4xx_hal_dma.o(i.HAL_DMA_Abort_IT)
    HAL_DMA_IRQHandler                       0x080005c1   Thumb Code   570  stm32f4xx_hal_dma.o(i.HAL_DMA_IRQHandler)
    HAL_DMA_Init                             0x08000801   Thumb Code   232  stm32f4xx_hal_dma.o(i.HAL_DMA_Init)
    HAL_Delay                                0x080008ed   Thumb Code    36  stm32f4xx_hal.o(i.HAL_Delay)
    HAL_GPIO_Init                            0x08000915   Thumb Code   474  stm32f4xx_hal_gpio.o(i.HAL_GPIO_Init)
    HAL_GPIO_WritePin                        0x08000b25   Thumb Code    12  stm32f4xx_hal_gpio.o(i.HAL_GPIO_WritePin)
    HAL_GetTick                              0x08000b31   Thumb Code     6  stm32f4xx_hal.o(i.HAL_GetTick)
    HAL_IncTick                              0x08000b3d   Thumb Code    16  stm32f4xx_hal.o(i.HAL_IncTick)
    HAL_Init                                 0x08000b55   Thumb Code    54  stm32f4xx_hal.o(i.HAL_Init)
    HAL_InitTick                             0x08000b91   Thumb Code    64  stm32f4xx_hal.o(i.HAL_InitTick)
    HAL_MspInit                              0x08000bdd   Thumb Code    68  stm32f4xx_hal_msp.o(i.HAL_MspInit)
    HAL_NVIC_EnableIRQ                       0x08000c25   Thumb Code    32  stm32f4xx_hal_cortex.o(i.HAL_NVIC_EnableIRQ)
    HAL_NVIC_SetPriority                     0x08000c45   Thumb Code   124  stm32f4xx_hal_cortex.o(i.HAL_NVIC_SetPriority)
    HAL_NVIC_SetPriorityGrouping             0x08000cc1   Thumb Code    32  stm32f4xx_hal_cortex.o(i.HAL_NVIC_SetPriorityGrouping)
    HAL_RCC_ClockConfig                      0x08000ce9   Thumb Code   368  stm32f4xx_hal_rcc.o(i.HAL_RCC_ClockConfig)
    HAL_RCC_GetHCLKFreq                      0x08000e6d   Thumb Code     6  stm32f4xx_hal_rcc.o(i.HAL_RCC_GetHCLKFreq)
    HAL_RCC_GetPCLK1Freq                     0x08000e79   Thumb Code    22  stm32f4xx_hal_rcc.o(i.HAL_RCC_GetPCLK1Freq)
    HAL_RCC_GetPCLK2Freq                     0x08000e99   Thumb Code    22  stm32f4xx_hal_rcc.o(i.HAL_RCC_GetPCLK2Freq)
    HAL_RCC_GetSysClockFreq                  0x08000eb9   Thumb Code   162  stm32f4xx_hal_rcc.o(i.HAL_RCC_GetSysClockFreq)
    HAL_RCC_OscConfig                        0x08000f69   Thumb Code  1172  stm32f4xx_hal_rcc.o(i.HAL_RCC_OscConfig)
    HAL_SYSTICK_Config                       0x08001405   Thumb Code    52  stm32f4xx_hal_cortex.o(i.HAL_SYSTICK_Config)
    HAL_TIMEx_BreakCallback                  0x08001439   Thumb Code     2  stm32f4xx_hal_tim_ex.o(i.HAL_TIMEx_BreakCallback)
    HAL_TIMEx_CommutCallback                 0x0800143b   Thumb Code     2  stm32f4xx_hal_tim_ex.o(i.HAL_TIMEx_CommutCallback)
    HAL_TIMEx_ConfigBreakDeadTime            0x0800143d   Thumb Code   116  stm32f4xx_hal_tim_ex.o(i.HAL_TIMEx_ConfigBreakDeadTime)
    HAL_TIMEx_MasterConfigSynchronization    0x080014b1   Thumb Code   150  stm32f4xx_hal_tim_ex.o(i.HAL_TIMEx_MasterConfigSynchronization)
    HAL_TIM_Base_Init                        0x08001565   Thumb Code   102  stm32f4xx_hal_tim.o(i.HAL_TIM_Base_Init)
    HAL_TIM_Base_MspInit                     0x080015cd   Thumb Code   274  tim.o(i.HAL_TIM_Base_MspInit)
    HAL_TIM_Base_Start                       0x080016f9   Thumb Code   126  stm32f4xx_hal_tim.o(i.HAL_TIM_Base_Start)
    HAL_TIM_Base_Start_IT                    0x08001795   Thumb Code   138  stm32f4xx_hal_tim.o(i.HAL_TIM_Base_Start_IT)
    HAL_TIM_ConfigClockSource                0x0800183d   Thumb Code   268  stm32f4xx_hal_tim.o(i.HAL_TIM_ConfigClockSource)
    HAL_TIM_IC_CaptureCallback               0x08001949   Thumb Code     2  stm32f4xx_hal_tim.o(i.HAL_TIM_IC_CaptureCallback)
    HAL_TIM_IRQHandler                       0x0800194b   Thumb Code   406  stm32f4xx_hal_tim.o(i.HAL_TIM_IRQHandler)
    HAL_TIM_MspPostInit                      0x08001ae1   Thumb Code   360  tim.o(i.HAL_TIM_MspPostInit)
    HAL_TIM_OC_ConfigChannel                 0x08001c6d   Thumb Code   112  stm32f4xx_hal_tim.o(i.HAL_TIM_OC_ConfigChannel)
    HAL_TIM_OC_DelayElapsedCallback          0x08001cdd   Thumb Code    22  stepmotor.o(i.HAL_TIM_OC_DelayElapsedCallback)
    HAL_TIM_OC_Init                          0x08001cf9   Thumb Code   102  stm32f4xx_hal_tim.o(i.HAL_TIM_OC_Init)
    HAL_TIM_OC_MspInit                       0x08001d5f   Thumb Code     2  stm32f4xx_hal_tim.o(i.HAL_TIM_OC_MspInit)
    HAL_TIM_OC_Start_IT                      0x08001d61   Thumb Code   324  stm32f4xx_hal_tim.o(i.HAL_TIM_OC_Start_IT)
    HAL_TIM_PWM_ConfigChannel                0x08001ec1   Thumb Code   260  stm32f4xx_hal_tim.o(i.HAL_TIM_PWM_ConfigChannel)
    HAL_TIM_PWM_Init                         0x08001fc5   Thumb Code   102  stm32f4xx_hal_tim.o(i.HAL_TIM_PWM_Init)
    HAL_TIM_PWM_MspInit                      0x0800202b   Thumb Code     2  stm32f4xx_hal_tim.o(i.HAL_TIM_PWM_MspInit)
    HAL_TIM_PWM_PulseFinishedCallback        0x0800202d   Thumb Code     2  stm32f4xx_hal_tim.o(i.HAL_TIM_PWM_PulseFinishedCallback)
    HAL_TIM_PWM_Start                        0x08002031   Thumb Code   238  stm32f4xx_hal_tim.o(i.HAL_TIM_PWM_Start)
    HAL_TIM_PeriodElapsedCallback            0x0800213d   Thumb Code    42  linepatrol.o(i.HAL_TIM_PeriodElapsedCallback)
    HAL_TIM_TriggerCallback                  0x0800217d   Thumb Code     2  stm32f4xx_hal_tim.o(i.HAL_TIM_TriggerCallback)
    HAL_UARTEx_RxEventCallback               0x0800217f   Thumb Code     2  stm32f4xx_hal_uart.o(i.HAL_UARTEx_RxEventCallback)
    HAL_UART_ErrorCallback                   0x08002181   Thumb Code     2  stm32f4xx_hal_uart.o(i.HAL_UART_ErrorCallback)
    HAL_UART_IRQHandler                      0x08002185   Thumb Code   732  stm32f4xx_hal_uart.o(i.HAL_UART_IRQHandler)
    HAL_UART_Init                            0x08002465   Thumb Code   114  stm32f4xx_hal_uart.o(i.HAL_UART_Init)
    HAL_UART_MspInit                         0x080024d9   Thumb Code   556  usart.o(i.HAL_UART_MspInit)
    HAL_UART_Receive_IT                      0x0800272d   Thumb Code    66  stm32f4xx_hal_uart.o(i.HAL_UART_Receive_IT)
    HAL_UART_RxCpltCallback                  0x08002771   Thumb Code    30  linepatrol.o(i.HAL_UART_RxCpltCallback)
    HAL_UART_Transmit_IT                     0x0800279d   Thumb Code    88  stm32f4xx_hal_uart.o(i.HAL_UART_Transmit_IT)
    HAL_UART_TxCpltCallback                  0x080027f5   Thumb Code     2  stm32f4xx_hal_uart.o(i.HAL_UART_TxCpltCallback)
    HardFault_Handler                        0x080027f7   Thumb Code     4  stm32f4xx_it.o(i.HardFault_Handler)
    MX_DMA_Init                              0x080027fd   Thumb Code    52  dma.o(i.MX_DMA_Init)
    MX_GPIO_Init                             0x08002835   Thumb Code   526  gpio.o(i.MX_GPIO_Init)
    MX_TIM10_Init                            0x08002a61   Thumb Code    44  tim.o(i.MX_TIM10_Init)
    MX_TIM2_Init                             0x08002a95   Thumb Code   172  tim.o(i.MX_TIM2_Init)
    MX_TIM4_Init                             0x08002b45   Thumb Code   202  tim.o(i.MX_TIM4_Init)
    MX_TIM5_Init                             0x08002c19   Thumb Code   170  tim.o(i.MX_TIM5_Init)
    MX_TIM8_Init                             0x08002ccd   Thumb Code   254  tim.o(i.MX_TIM8_Init)
    MX_TIM9_Init                             0x08002dd5   Thumb Code   148  tim.o(i.MX_TIM9_Init)
    MX_UART7_Init                            0x08002e71   Thumb Code    46  usart.o(i.MX_UART7_Init)
    MX_UART8_Init                            0x08002ea9   Thumb Code    46  usart.o(i.MX_UART8_Init)
    MX_USART3_UART_Init                      0x08002ee1   Thumb Code    46  usart.o(i.MX_USART3_UART_Init)
    MX_USART6_UART_Init                      0x08002f19   Thumb Code    46  usart.o(i.MX_USART6_UART_Init)
    MemManage_Handler                        0x08002f51   Thumb Code     4  stm32f4xx_it.o(i.MemManage_Handler)
    NMI_Handler                              0x08002f55   Thumb Code     4  stm32f4xx_it.o(i.NMI_Handler)
    PendSV_Handler                           0x08002f59   Thumb Code     2  stm32f4xx_it.o(i.PendSV_Handler)
    SVC_Handler                              0x08002f5b   Thumb Code     2  stm32f4xx_it.o(i.SVC_Handler)
    SysTick_Handler                          0x08002f5d   Thumb Code     8  stm32f4xx_it.o(i.SysTick_Handler)
    SystemInit                               0x08002f65   Thumb Code    14  system_stm32f4xx.o(i.SystemInit)
    TIM1_UP_TIM10_IRQHandler                 0x08002f79   Thumb Code    10  stm32f4xx_it.o(i.TIM1_UP_TIM10_IRQHandler)
    TIM_Base_SetConfig                       0x08002f89   Thumb Code   170  stm32f4xx_hal_tim.o(i.TIM_Base_SetConfig)
    TIM_CCxChannelCmd                        0x08003061   Thumb Code    34  stm32f4xx_hal_tim.o(i.TIM_CCxChannelCmd)
    TIM_ETR_SetConfig                        0x08003083   Thumb Code    22  stm32f4xx_hal_tim.o(i.TIM_ETR_SetConfig)
    TIM_OC2_SetConfig                        0x08003099   Thumb Code   114  stm32f4xx_hal_tim.o(i.TIM_OC2_SetConfig)
    UART7_IRQHandler                         0x08003115   Thumb Code    10  stm32f4xx_it.o(i.UART7_IRQHandler)
    UART_Start_Receive_IT                    0x08003125   Thumb Code    74  stm32f4xx_hal_uart.o(i.UART_Start_Receive_IT)
    USART3_IRQHandler                        0x08003171   Thumb Code    10  stm32f4xx_it.o(i.USART3_IRQHandler)
    USART6_IRQHandler                        0x08003181   Thumb Code    10  stm32f4xx_it.o(i.USART6_IRQHandler)
    UsageFault_Handler                       0x08003191   Thumb Code     4  stm32f4xx_it.o(i.UsageFault_Handler)
    LinePatrol_Receive(__UART_HandleTypeDef*) 0x08003195   Thumb Code    58  linepatrol.o(i._Z18LinePatrol_ReceiveP20__UART_HandleTypeDef)
    SystemClock_Config()                     0x080031e9   Thumb Code   170  main.o(i._Z18SystemClock_Configv)
    LinePatrol_Start_Low(unsigned char*, unsigned char*, unsigned char*) 0x0800329d   Thumb Code   314  linepatrol.o(i._Z20LinePatrol_Start_LowPhS_S_)
    Class_Motor::Get_Rotate_Direction_Flag() 0x080033f5   Thumb Code     8  motor.o(i._ZN11Class_Motor25Get_Rotate_Direction_FlagEv)
    Class_Motor::Set_Rotate_Direction_Flag(Enum_Rotate_Direction) 0x080033fd   Thumb Code     6  motor.o(i._ZN11Class_Motor25Set_Rotate_Direction_FlagE21Enum_Rotate_Direction)
    Class_Motor::Init(TIM_HandleTypeDef, unsigned char, unsigned short, GPIO_TypeDef*, unsigned short, GPIO_TypeDef*) 0x08003403   Thumb Code   138  motor.o(i._ZN11Class_Motor4InitE17TIM_HandleTypeDefhtP12GPIO_TypeDeftS2_)
    Class_Motor::Output()                    0x0800348d   Thumb Code   166  motor.o(i._ZN11Class_Motor6OutputEv)
    Class_Motor::Class_Motor()               0x08003535   Thumb Code    28  main.o(i._ZN11Class_MotorC1Ev)
    Class_Motor::Class_Motor__sub_object()   0x08003535   Thumb Code     0  main.o(i._ZN11Class_MotorC1Ev)
    Class_Steer::Init(TIM_HandleTypeDef, unsigned char) 0x08003555   Thumb Code   116  steer.o(i._ZN11Class_Steer4InitE17TIM_HandleTypeDefh)
    Class_Chassis::Set_Velocity(SpeedTypeDef) 0x080035c9   Thumb Code    22  chassis.o(i._ZN13Class_Chassis12Set_VelocityE12SpeedTypeDef)
    Class_Chassis::Set_Control_Method(Enum_Control_Method) 0x080035df   Thumb Code    40  chassis.o(i._ZN13Class_Chassis18Set_Control_MethodE19Enum_Control_Method)
    Class_Chassis::Calculate_TIM_PeriodElapsedCallback() 0x08003609   Thumb Code   416  chassis.o(i._ZN13Class_Chassis35Calculate_TIM_PeriodElapsedCallbackEv)
    Class_Chassis::Init(TIM_HandleTypeDef, TIM_HandleTypeDef) 0x080037bd   Thumb Code  1264  chassis.o(i._ZN13Class_Chassis4InitE17TIM_HandleTypeDefS0_)
    Class_Chassis::R_Init(TIM_HandleTypeDef, TIM_HandleTypeDef) 0x08003ccd   Thumb Code   480  chassis.o(i._ZN13Class_Chassis6R_InitE17TIM_HandleTypeDefS0_)
    Class_Chassis::Class_Chassis()           0x08003eb5   Thumb Code    72  main.o(i._ZN13Class_ChassisC1Ev)
    Class_Chassis::Class_Chassis__sub_object() 0x08003eb5   Thumb Code     0  main.o(i._ZN13Class_ChassisC1Ev)
    Class_Motor_With_Hall_Encoder::Set_Omega_Target(float) 0x08003f0d   Thumb Code     6  motor.o(i._ZN29Class_Motor_With_Hall_Encoder16Set_Omega_TargetEf)
    Class_Motor_With_Hall_Encoder::Set_Control_Method(Enum_Control_Method) 0x08003f13   Thumb Code     6  motor.o(i._ZN29Class_Motor_With_Hall_Encoder18Set_Control_MethodE19Enum_Control_Method)
    Class_Motor_With_Hall_Encoder::Calculate_TIM_PeriodElapsedCallback() 0x08003f19   Thumb Code   316  motor.o(i._ZN29Class_Motor_With_Hall_Encoder35Calculate_TIM_PeriodElapsedCallbackEv)
    Class_Motor_With_Hall_Encoder::Init(TIM_HandleTypeDef, unsigned char, unsigned short, GPIO_TypeDef*, unsigned short, GPIO_TypeDef*, TIM_HandleTypeDef, unsigned short, GPIO_TypeDef*, unsigned short, GPIO_TypeDef*) 0x08004059   Thumb Code   254  motor.o(i._ZN29Class_Motor_With_Hall_Encoder4InitE17TIM_HandleTypeDefhtP12GPIO_TypeDeftS2_S0_tS2_tS2_)
    Class_Motor_With_Hall_Encoder::Class_Motor_With_Hall_Encoder() 0x08004159   Thumb Code    92  main.o(i._ZN29Class_Motor_With_Hall_EncoderC1Ev)
    Class_Motor_With_Hall_Encoder::Class_Motor_With_Hall_Encoder__sub_object() 0x08004159   Thumb Code     0  main.o(i._ZN29Class_Motor_With_Hall_EncoderC1Ev)
    Class_PID::Set_Target(float)             0x08004895   Thumb Code     6  pid.o(i._ZN9Class_PID10Set_TargetEf)
    Class_PID::Adjust_TIM_PeriodElapsedCallback() 0x0800489d   Thumb Code   540  pid.o(i._ZN9Class_PID32Adjust_TIM_PeriodElapsedCallbackEv)
    Class_PID::Init(float, float, float, float, float) 0x08004abd   Thumb Code    22  pid.o(i._ZN9Class_PID4InitEfffff)
    Class_PID::Get_Out()                     0x08004ad3   Thumb Code     6  pid.o(i._ZN9Class_PID7Get_OutEv)
    Class_PID::Set_Now(float)                0x08004ad9   Thumb Code     6  pid.o(i._ZN9Class_PID7Set_NowEf)
    Class_PID::Class_PID()                   0x08004ae1   Thumb Code   104  main.o(i._ZN9Class_PIDC1Ev)
    Class_PID::Class_PID__sub_object()       0x08004ae1   Thumb Code     0  main.o(i._ZN9Class_PIDC1Ev)
    StepMotor::Set_Motor_Timer_Output()      0x08004b51   Thumb Code    94  stepmotor.o(i._ZN9StepMotor22Set_Motor_Timer_OutputEv)
    StepMotor::Set_Motor_Running_Speed(unsigned, unsigned) 0x08004baf   Thumb Code    18  stepmotor.o(i._ZN9StepMotor23Set_Motor_Running_SpeedEjj)
    StepMotor::Set_Motor_Running_Status(unsigned short, unsigned short) 0x08004bc1   Thumb Code    58  stepmotor.o(i._ZN9StepMotor24Set_Motor_Running_StatusEtt)
    StepMotor::init(TIM_HandleTypeDef*, unsigned, unsigned, GPIO_TypeDef*, unsigned short, GPIO_TypeDef*, unsigned short) 0x08004bfb   Thumb Code   114  stepmotor.o(i._ZN9StepMotor4initEP17TIM_HandleTypeDefjjP12GPIO_TypeDeftS3_t)
    StepMotor::Get_htim()                    0x08004c6d   Thumb Code     6  stepmotor.o(i._ZN9StepMotor8Get_htimEv)
    __aeabi_vec_ctor_nocookie_nodtor         0x08004c73   Thumb Code    36  aeabi_vec_ctor_nocookie_nodtor.o(i.__aeabi_vec_ctor_nocookie_nodtor)
    main                                     0x08004cb1   Thumb Code  1392  main.o(i.main)
    void Math_Constrain<float>(T1*, T1, T1)  0x08005261   Thumb Code    40  chassis.o(t._Z14Math_ConstrainIfEvPT_S0_S0_)
    void Math_Constrain<int>(T1*, T1, T1)    0x08005289   Thumb Code    20  motor.o(t._Z14Math_ConstrainIiEvPT_S0_S0_)
    T1 Math_Abs<float>(T1)                   0x0800529d   Thumb Code    26  pid.o(t._Z8Math_AbsIfET_S0_)
    T1 Math_Abs<int>(T1)                     0x080052b7   Thumb Code    14  motor.o(t._Z8Math_AbsIiET_S0_)
    _fp_init                                 0x080052c5   Thumb Code    10  fpinit.o(x$fpl$fpinit)
    __fplib_config_fpu_vfp                   0x080052cd   Thumb Code     0  fpinit.o(x$fpl$fpinit)
    __fplib_config_pureend_doubles           0x080052cd   Thumb Code     0  fpinit.o(x$fpl$fpinit)
    AHBPrescTable                            0x080052e4   Data          16  system_stm32f4xx.o(.constdata)
    APBPrescTable                            0x080052f4   Data           8  system_stm32f4xx.o(.constdata)
    Region$$Table$$Base                      0x080052fc   Number         0  anon$$obj.o(Region$$Table)
    Region$$Table$$Limit                     0x0800531c   Number         0  anon$$obj.o(Region$$Table)
    SHT$$INIT_ARRAY$$Base                    0x0800531c   Number         0  main.o(.init_array)
    SHT$$INIT_ARRAY$$Limit                   0x08005320   Number         0  init_aeabi.o(.init_array)
    LP_Receive_yl                            0x20000000   Data           1  main.o(.data)
    LP_Receive_yr                            0x20000001   Data           1  main.o(.data)
    LP_Receive_x                             0x20000002   Data           1  main.o(.data)
    B_Receive                                0x20000003   Data           1  main.o(.data)
    v_front_slow                             0x20000004   Data          12  main.o(.data)
    v_front_medium                           0x20000010   Data          12  main.o(.data)
    v_front_fast                             0x2000001c   Data          12  main.o(.data)
    v_left_medium                            0x20000028   Data          12  main.o(.data)
    v_turn                                   0x20000034   Data          12  main.o(.data)
    Barrier_Location                         0x20000040   Data           1  main.o(.data)
    Data_to_Send                             0x20000044   Data           1  linepatrol.o(.data)
    v_front                                  0x20000048   Data          12  linepatrol.o(.data)
    v_back                                   0x20000054   Data          12  linepatrol.o(.data)
    v_right                                  0x20000060   Data          12  linepatrol.o(.data)
    v_left                                   0x2000006c   Data          12  linepatrol.o(.data)
    v_rotate                                 0x20000078   Data          12  linepatrol.o(.data)
    v_crotate                                0x20000084   Data          12  linepatrol.o(.data)
    v_rotate_left                            0x20000090   Data          12  linepatrol.o(.data)
    v_crotate_left                           0x2000009c   Data          12  linepatrol.o(.data)
    v_front_left                             0x200000a8   Data          12  linepatrol.o(.data)
    v_back_left                              0x200000b4   Data          12  linepatrol.o(.data)
    uwTick                                   0x200000c0   Data           4  stm32f4xx_hal.o(.data)
    uwTickPrio                               0x200000c4   Data           4  stm32f4xx_hal.o(.data)
    uwTickFreq                               0x200000c8   Data           1  stm32f4xx_hal.o(.data)
    SystemCoreClock                          0x200000cc   Data           4  system_stm32f4xx.o(.data)
    Chassis                                  0x200000d0   Data        2036  main.o(.bss)
    RChassis                                 0x200008c4   Data        2036  main.o(.bss)
    Arm_Steer                                0x200010b8   Data         320  main.o(.bss)
    Claw_Steer                               0x200011f8   Data          80  main.o(.bss)
    Box_Steer                                0x20001248   Data          80  main.o(.bss)
    v_stop_main                              0x20001298   Data          12  main.o(.bss)
    htim2                                    0x200012a4   Data          72  tim.o(.bss)
    htim4                                    0x200012ec   Data          72  tim.o(.bss)
    htim5                                    0x20001334   Data          72  tim.o(.bss)
    htim8                                    0x2000137c   Data          72  tim.o(.bss)
    htim9                                    0x200013c4   Data          72  tim.o(.bss)
    htim10                                   0x2000140c   Data          72  tim.o(.bss)
    huart7                                   0x20001454   Data          68  usart.o(.bss)
    huart8                                   0x20001498   Data          68  usart.o(.bss)
    huart3                                   0x200014dc   Data          68  usart.o(.bss)
    huart6                                   0x20001520   Data          68  usart.o(.bss)
    hdma_uart7_tx                            0x20001564   Data          96  usart.o(.bss)
    v_stop                                   0x200015c4   Data          12  linepatrol.o(.bss)
    TestMotor1                               0x200015d0   Data          36  stepmotor.o(.bss)
    __libspace_start                         0x200015f4   Data          96  libspace.o(.bss)
    __temporary_stack_top$libspace           0x20001654   Data           0  libspace.o(.bss)



==============================================================================

Memory Map of the image

  Image Entry point : 0x080001ad

  Load Region LR_IROM1 (Base: 0x08000000, Size: 0x000053f0, Max: 0x00200000, ABSOLUTE)

    Execution Region ER_IROM1 (Exec base: 0x08000000, Load base: 0x08000000, Size: 0x00005320, Max: 0x00200000, ABSOLUTE)

    Exec Addr    Load Addr    Size         Type   Attr      Idx    E Section Name        Object

    0x08000000   0x08000000   0x000001ac   Data   RO            3    RESET               startup_stm32f427xx.o
    0x080001ac   0x080001ac   0x00000008   Code   RO         4337  * !!!main             c_w.l(__main.o)
    0x080001b4   0x080001b4   0x00000034   Code   RO         4663    !!!scatter          c_w.l(__scatter.o)
    0x080001e8   0x080001e8   0x0000001a   Code   RO         4665    !!handler_copy      c_w.l(__scatter_copy.o)
    0x08000202   0x08000202   0x00000002   PAD
    0x08000204   0x08000204   0x0000001c   Code   RO         4667    !!handler_zi        c_w.l(__scatter_zi.o)
    0x08000220   0x08000220   0x00000002   Code   RO         4465    .ARM.Collect$$libinit$$00000000  c_w.l(libinit.o)
    0x08000222   0x08000222   0x00000004   Code   RO         4369    .ARM.Collect$$libinit$$00000001  c_w.l(libinit2.o)
    0x08000226   0x08000226   0x00000000   Code   RO         4372    .ARM.Collect$$libinit$$00000004  c_w.l(libinit2.o)
    0x08000226   0x08000226   0x00000000   Code   RO         4375    .ARM.Collect$$libinit$$0000000A  c_w.l(libinit2.o)
    0x08000226   0x08000226   0x00000000   Code   RO         4377    .ARM.Collect$$libinit$$0000000C  c_w.l(libinit2.o)
    0x08000226   0x08000226   0x00000000   Code   RO         4379    .ARM.Collect$$libinit$$0000000E  c_w.l(libinit2.o)
    0x08000226   0x08000226   0x00000000   Code   RO         4382    .ARM.Collect$$libinit$$00000011  c_w.l(libinit2.o)
    0x08000226   0x08000226   0x00000000   Code   RO         4384    .ARM.Collect$$libinit$$00000013  c_w.l(libinit2.o)
    0x08000226   0x08000226   0x00000000   Code   RO         4386    .ARM.Collect$$libinit$$00000015  c_w.l(libinit2.o)
    0x08000226   0x08000226   0x00000000   Code   RO         4388    .ARM.Collect$$libinit$$00000017  c_w.l(libinit2.o)
    0x08000226   0x08000226   0x00000000   Code   RO         4390    .ARM.Collect$$libinit$$00000019  c_w.l(libinit2.o)
    0x08000226   0x08000226   0x00000000   Code   RO         4392    .ARM.Collect$$libinit$$0000001B  c_w.l(libinit2.o)
    0x08000226   0x08000226   0x00000000   Code   RO         4394    .ARM.Collect$$libinit$$0000001D  c_w.l(libinit2.o)
    0x08000226   0x08000226   0x00000000   Code   RO         4396    .ARM.Collect$$libinit$$0000001F  c_w.l(libinit2.o)
    0x08000226   0x08000226   0x00000000   Code   RO         4398    .ARM.Collect$$libinit$$00000021  c_w.l(libinit2.o)
    0x08000226   0x08000226   0x00000000   Code   RO         4400    .ARM.Collect$$libinit$$00000023  c_w.l(libinit2.o)
    0x08000226   0x08000226   0x00000000   Code   RO         4402    .ARM.Collect$$libinit$$00000025  c_w.l(libinit2.o)
    0x08000226   0x08000226   0x00000000   Code   RO         4406    .ARM.Collect$$libinit$$0000002C  c_w.l(libinit2.o)
    0x08000226   0x08000226   0x00000000   Code   RO         4408    .ARM.Collect$$libinit$$0000002E  c_w.l(libinit2.o)
    0x08000226   0x08000226   0x00000000   Code   RO         4410    .ARM.Collect$$libinit$$00000030  c_w.l(libinit2.o)
    0x08000226   0x08000226   0x00000004   Code   RO         4411    .ARM.Collect$$libinit$$00000031  c_w.l(libinit2.o)
    0x0800022a   0x0800022a   0x00000000   Code   RO         4412    .ARM.Collect$$libinit$$00000032  c_w.l(libinit2.o)
    0x0800022a   0x0800022a   0x00000002   Code   RO         4413    .ARM.Collect$$libinit$$00000033  c_w.l(libinit2.o)
    0x0800022c   0x0800022c   0x00000002   Code   RO         4626    .ARM.Collect$$libshutdown$$00000000  c_w.l(libshutdown.o)
    0x0800022e   0x0800022e   0x00000000   Code   RO         4642    .ARM.Collect$$libshutdown$$00000002  c_w.l(libshutdown2.o)
    0x0800022e   0x0800022e   0x00000000   Code   RO         4644    .ARM.Collect$$libshutdown$$00000004  c_w.l(libshutdown2.o)
    0x0800022e   0x0800022e   0x00000000   Code   RO         4647    .ARM.Collect$$libshutdown$$00000007  c_w.l(libshutdown2.o)
    0x0800022e   0x0800022e   0x00000000   Code   RO         4650    .ARM.Collect$$libshutdown$$0000000A  c_w.l(libshutdown2.o)
    0x0800022e   0x0800022e   0x00000000   Code   RO         4652    .ARM.Collect$$libshutdown$$0000000C  c_w.l(libshutdown2.o)
    0x0800022e   0x0800022e   0x00000000   Code   RO         4655    .ARM.Collect$$libshutdown$$0000000F  c_w.l(libshutdown2.o)
    0x0800022e   0x0800022e   0x00000002   Code   RO         4656    .ARM.Collect$$libshutdown$$00000010  c_w.l(libshutdown2.o)
    0x08000230   0x08000230   0x00000000   Code   RO         4364    .ARM.Collect$$rtentry$$00000000  c_w.l(__rtentry.o)
    0x08000230   0x08000230   0x00000000   Code   RO         4425    .ARM.Collect$$rtentry$$00000002  c_w.l(__rtentry2.o)
    0x08000230   0x08000230   0x00000006   Code   RO         4437    .ARM.Collect$$rtentry$$00000004  c_w.l(__rtentry4.o)
    0x08000236   0x08000236   0x00000000   Code   RO         4427    .ARM.Collect$$rtentry$$00000009  c_w.l(__rtentry2.o)
    0x08000236   0x08000236   0x00000004   Code   RO         4428    .ARM.Collect$$rtentry$$0000000A  c_w.l(__rtentry2.o)
    0x0800023a   0x0800023a   0x00000000   Code   RO         4430    .ARM.Collect$$rtentry$$0000000C  c_w.l(__rtentry2.o)
    0x0800023a   0x0800023a   0x00000008   Code   RO         4431    .ARM.Collect$$rtentry$$0000000D  c_w.l(__rtentry2.o)
    0x08000242   0x08000242   0x00000002   Code   RO         4478    .ARM.Collect$$rtexit$$00000000  c_w.l(rtexit.o)
    0x08000244   0x08000244   0x00000000   Code   RO         4566    .ARM.Collect$$rtexit$$00000002  c_w.l(rtexit2.o)
    0x08000244   0x08000244   0x00000004   Code   RO         4567    .ARM.Collect$$rtexit$$00000003  c_w.l(rtexit2.o)
    0x08000248   0x08000248   0x00000006   Code   RO         4568    .ARM.Collect$$rtexit$$00000004  c_w.l(rtexit2.o)
    0x0800024e   0x0800024e   0x00000002   PAD
    0x08000250   0x08000250   0x00000040   Code   RO            4    .text               startup_stm32f427xx.o
    0x08000290   0x08000290   0x000000ee   Code   RO         4329    .text               c_w.l(lludivv7m.o)
    0x0800037e   0x0800037e   0x00000064   Code   RO         4331    .text               c_w.l(rt_memcpy_w.o)
    0x080003e2   0x080003e2   0x0000004e   Code   RO         4333    .text               c_w.l(rt_memclr_w.o)
    0x08000430   0x08000430   0x00000006   Code   RO         4335    .text               c_w.l(heapauxi.o)
    0x08000436   0x08000436   0x00000002   PAD
    0x08000438   0x08000438   0x00000024   Code   RO         4342    .text               c_w.l(init_aeabi.o)
    0x0800045c   0x0800045c   0x0000004a   Code   RO         4448    .text               c_w.l(sys_stackheap_outer.o)
    0x080004a6   0x080004a6   0x00000012   Code   RO         4450    .text               c_w.l(exit.o)
    0x080004b8   0x080004b8   0x00000008   Code   RO         4475    .text               c_w.l(libspace.o)
    0x080004c0   0x080004c0   0x0000000c   Code   RO         4558    .text               c_w.l(sys_exit.o)
    0x080004cc   0x080004cc   0x00000002   Code   RO         4560    .text               c_w.l(use_no_semi.o)
    0x080004ce   0x080004ce   0x00000000   Code   RO         4564    .text               c_w.l(indicate_semi.o)
    0x080004ce   0x080004ce   0x00000004   Code   RO          481    i.BusFault_Handler  stm32f4xx_it.o
    0x080004d2   0x080004d2   0x00000002   PAD
    0x080004d4   0x080004d4   0x00000010   Code   RO          482    i.DMA1_Stream1_IRQHandler  stm32f4xx_it.o
    0x080004e4   0x080004e4   0x00000002   Code   RO          483    i.DebugMon_Handler  stm32f4xx_it.o
    0x080004e6   0x080004e6   0x00000006   Code   RO           13    i.Error_Handler     main.o
    0x080004ec   0x080004ec   0x000000ac   Code   RO         3056    i.HAL_DMA_Abort     stm32f4xx_hal_dma.o
    0x08000598   0x08000598   0x00000028   Code   RO         3057    i.HAL_DMA_Abort_IT  stm32f4xx_hal_dma.o
    0x080005c0   0x080005c0   0x00000240   Code   RO         3061    i.HAL_DMA_IRQHandler  stm32f4xx_hal_dma.o
    0x08000800   0x08000800   0x000000ec   Code   RO         3062    i.HAL_DMA_Init      stm32f4xx_hal_dma.o
    0x080008ec   0x080008ec   0x00000028   Code   RO         3562    i.HAL_Delay         stm32f4xx_hal.o
    0x08000914   0x08000914   0x00000210   Code   RO         2940    i.HAL_GPIO_Init     stm32f4xx_hal_gpio.o
    0x08000b24   0x08000b24   0x0000000c   Code   RO         2944    i.HAL_GPIO_WritePin  stm32f4xx_hal_gpio.o
    0x08000b30   0x08000b30   0x0000000c   Code   RO         3570    i.HAL_GetTick       stm32f4xx_hal.o
    0x08000b3c   0x08000b3c   0x00000018   Code   RO         3576    i.HAL_IncTick       stm32f4xx_hal.o
    0x08000b54   0x08000b54   0x0000003c   Code   RO         3577    i.HAL_Init          stm32f4xx_hal.o
    0x08000b90   0x08000b90   0x0000004c   Code   RO         3578    i.HAL_InitTick      stm32f4xx_hal.o
    0x08000bdc   0x08000bdc   0x00000048   Code   RO          604    i.HAL_MspInit       stm32f4xx_hal_msp.o
    0x08000c24   0x08000c24   0x00000020   Code   RO         3400    i.HAL_NVIC_EnableIRQ  stm32f4xx_hal_cortex.o
    0x08000c44   0x08000c44   0x0000007c   Code   RO         3406    i.HAL_NVIC_SetPriority  stm32f4xx_hal_cortex.o
    0x08000cc0   0x08000cc0   0x00000028   Code   RO         3407    i.HAL_NVIC_SetPriorityGrouping  stm32f4xx_hal_cortex.o
    0x08000ce8   0x08000ce8   0x00000184   Code   RO         2421    i.HAL_RCC_ClockConfig  stm32f4xx_hal_rcc.o
    0x08000e6c   0x08000e6c   0x0000000c   Code   RO         2426    i.HAL_RCC_GetHCLKFreq  stm32f4xx_hal_rcc.o
    0x08000e78   0x08000e78   0x00000020   Code   RO         2428    i.HAL_RCC_GetPCLK1Freq  stm32f4xx_hal_rcc.o
    0x08000e98   0x08000e98   0x00000020   Code   RO         2429    i.HAL_RCC_GetPCLK2Freq  stm32f4xx_hal_rcc.o
    0x08000eb8   0x08000eb8   0x000000b0   Code   RO         2430    i.HAL_RCC_GetSysClockFreq  stm32f4xx_hal_rcc.o
    0x08000f68   0x08000f68   0x0000049c   Code   RO         2433    i.HAL_RCC_OscConfig  stm32f4xx_hal_rcc.o
    0x08001404   0x08001404   0x00000034   Code   RO         3411    i.HAL_SYSTICK_Config  stm32f4xx_hal_cortex.o
    0x08001438   0x08001438   0x00000002   Code   RO         2111    i.HAL_TIMEx_BreakCallback  stm32f4xx_hal_tim_ex.o
    0x0800143a   0x0800143a   0x00000002   Code   RO         2112    i.HAL_TIMEx_CommutCallback  stm32f4xx_hal_tim_ex.o
    0x0800143c   0x0800143c   0x00000074   Code   RO         2114    i.HAL_TIMEx_ConfigBreakDeadTime  stm32f4xx_hal_tim_ex.o
    0x080014b0   0x080014b0   0x000000b4   Code   RO         2130    i.HAL_TIMEx_MasterConfigSynchronization  stm32f4xx_hal_tim_ex.o
    0x08001564   0x08001564   0x00000066   Code   RO         1277    i.HAL_TIM_Base_Init  stm32f4xx_hal_tim.o
    0x080015ca   0x080015ca   0x00000002   PAD
    0x080015cc   0x080015cc   0x0000012c   Code   RO          326    i.HAL_TIM_Base_MspInit  tim.o
    0x080016f8   0x080016f8   0x0000009c   Code   RO         1280    i.HAL_TIM_Base_Start  stm32f4xx_hal_tim.o
    0x08001794   0x08001794   0x000000a8   Code   RO         1282    i.HAL_TIM_Base_Start_IT  stm32f4xx_hal_tim.o
    0x0800183c   0x0800183c   0x0000010c   Code   RO         1286    i.HAL_TIM_ConfigClockSource  stm32f4xx_hal_tim.o
    0x08001948   0x08001948   0x00000002   Code   RO         1311    i.HAL_TIM_IC_CaptureCallback  stm32f4xx_hal_tim.o
    0x0800194a   0x0800194a   0x00000196   Code   RO         1325    i.HAL_TIM_IRQHandler  stm32f4xx_hal_tim.o
    0x08001ae0   0x08001ae0   0x0000018c   Code   RO          327    i.HAL_TIM_MspPostInit  tim.o
    0x08001c6c   0x08001c6c   0x00000070   Code   RO         1326    i.HAL_TIM_OC_ConfigChannel  stm32f4xx_hal_tim.o
    0x08001cdc   0x08001cdc   0x0000001c   Code   RO         1213    i.HAL_TIM_OC_DelayElapsedCallback  stepmotor.o
    0x08001cf8   0x08001cf8   0x00000066   Code   RO         1330    i.HAL_TIM_OC_Init   stm32f4xx_hal_tim.o
    0x08001d5e   0x08001d5e   0x00000002   Code   RO         1332    i.HAL_TIM_OC_MspInit  stm32f4xx_hal_tim.o
    0x08001d60   0x08001d60   0x00000160   Code   RO         1335    i.HAL_TIM_OC_Start_IT  stm32f4xx_hal_tim.o
    0x08001ec0   0x08001ec0   0x00000104   Code   RO         1349    i.HAL_TIM_PWM_ConfigChannel  stm32f4xx_hal_tim.o
    0x08001fc4   0x08001fc4   0x00000066   Code   RO         1352    i.HAL_TIM_PWM_Init  stm32f4xx_hal_tim.o
    0x0800202a   0x0800202a   0x00000002   Code   RO         1354    i.HAL_TIM_PWM_MspInit  stm32f4xx_hal_tim.o
    0x0800202c   0x0800202c   0x00000002   Code   RO         1355    i.HAL_TIM_PWM_PulseFinishedCallback  stm32f4xx_hal_tim.o
    0x0800202e   0x0800202e   0x00000002   PAD
    0x08002030   0x08002030   0x0000010c   Code   RO         1357    i.HAL_TIM_PWM_Start  stm32f4xx_hal_tim.o
    0x0800213c   0x0800213c   0x00000040   Code   RO          778    i.HAL_TIM_PeriodElapsedCallback  linepatrol.o
    0x0800217c   0x0800217c   0x00000002   Code   RO         1368    i.HAL_TIM_TriggerCallback  stm32f4xx_hal_tim.o
    0x0800217e   0x0800217e   0x00000002   Code   RO         3874    i.HAL_UARTEx_RxEventCallback  stm32f4xx_hal_uart.o
    0x08002180   0x08002180   0x00000002   Code   RO         3888    i.HAL_UART_ErrorCallback  stm32f4xx_hal_uart.o
    0x08002182   0x08002182   0x00000002   PAD
    0x08002184   0x08002184   0x000002e0   Code   RO         3891    i.HAL_UART_IRQHandler  stm32f4xx_hal_uart.o
    0x08002464   0x08002464   0x00000072   Code   RO         3892    i.HAL_UART_Init     stm32f4xx_hal_uart.o
    0x080024d6   0x080024d6   0x00000002   PAD
    0x080024d8   0x080024d8   0x00000254   Code   RO          416    i.HAL_UART_MspInit  usart.o
    0x0800272c   0x0800272c   0x00000042   Code   RO         3897    i.HAL_UART_Receive_IT  stm32f4xx_hal_uart.o
    0x0800276e   0x0800276e   0x00000002   PAD
    0x08002770   0x08002770   0x0000002c   Code   RO          779    i.HAL_UART_RxCpltCallback  linepatrol.o
    0x0800279c   0x0800279c   0x00000058   Code   RO         3902    i.HAL_UART_Transmit_IT  stm32f4xx_hal_uart.o
    0x080027f4   0x080027f4   0x00000002   Code   RO         3903    i.HAL_UART_TxCpltCallback  stm32f4xx_hal_uart.o
    0x080027f6   0x080027f6   0x00000004   Code   RO          484    i.HardFault_Handler  stm32f4xx_it.o
    0x080027fa   0x080027fa   0x00000002   PAD
    0x080027fc   0x080027fc   0x00000038   Code   RO          300    i.MX_DMA_Init       dma.o
    0x08002834   0x08002834   0x0000022c   Code   RO          211    i.MX_GPIO_Init      gpio.o
    0x08002a60   0x08002a60   0x00000034   Code   RO          328    i.MX_TIM10_Init     tim.o
    0x08002a94   0x08002a94   0x000000b0   Code   RO          329    i.MX_TIM2_Init      tim.o
    0x08002b44   0x08002b44   0x000000d4   Code   RO          330    i.MX_TIM4_Init      tim.o
    0x08002c18   0x08002c18   0x000000b4   Code   RO          331    i.MX_TIM5_Init      tim.o
    0x08002ccc   0x08002ccc   0x00000108   Code   RO          332    i.MX_TIM8_Init      tim.o
    0x08002dd4   0x08002dd4   0x0000009c   Code   RO          333    i.MX_TIM9_Init      tim.o
    0x08002e70   0x08002e70   0x00000038   Code   RO          417    i.MX_UART7_Init     usart.o
    0x08002ea8   0x08002ea8   0x00000038   Code   RO          418    i.MX_UART8_Init     usart.o
    0x08002ee0   0x08002ee0   0x00000038   Code   RO          419    i.MX_USART3_UART_Init  usart.o
    0x08002f18   0x08002f18   0x00000038   Code   RO          420    i.MX_USART6_UART_Init  usart.o
    0x08002f50   0x08002f50   0x00000004   Code   RO          485    i.MemManage_Handler  stm32f4xx_it.o
    0x08002f54   0x08002f54   0x00000004   Code   RO          486    i.NMI_Handler       stm32f4xx_it.o
    0x08002f58   0x08002f58   0x00000002   Code   RO          487    i.PendSV_Handler    stm32f4xx_it.o
    0x08002f5a   0x08002f5a   0x00000002   Code   RO          488    i.SVC_Handler       stm32f4xx_it.o
    0x08002f5c   0x08002f5c   0x00000008   Code   RO          489    i.SysTick_Handler   stm32f4xx_it.o
    0x08002f64   0x08002f64   0x00000014   Code   RO         4292    i.SystemInit        system_stm32f4xx.o
    0x08002f78   0x08002f78   0x00000010   Code   RO          490    i.TIM1_UP_TIM10_IRQHandler  stm32f4xx_it.o
    0x08002f88   0x08002f88   0x000000d8   Code   RO         1370    i.TIM_Base_SetConfig  stm32f4xx_hal_tim.o
    0x08003060   0x08003060   0x00000022   Code   RO         1371    i.TIM_CCxChannelCmd  stm32f4xx_hal_tim.o
    0x08003082   0x08003082   0x00000016   Code   RO         1376    i.TIM_ETR_SetConfig  stm32f4xx_hal_tim.o
    0x08003098   0x08003098   0x0000007c   Code   RO         1377    i.TIM_OC2_SetConfig  stm32f4xx_hal_tim.o
    0x08003114   0x08003114   0x00000010   Code   RO          491    i.UART7_IRQHandler  stm32f4xx_it.o
    0x08003124   0x08003124   0x0000004a   Code   RO         3906    i.UART_Start_Receive_IT  stm32f4xx_hal_uart.o
    0x0800316e   0x0800316e   0x00000002   PAD
    0x08003170   0x08003170   0x00000010   Code   RO          492    i.USART3_IRQHandler  stm32f4xx_it.o
    0x08003180   0x08003180   0x00000010   Code   RO          493    i.USART6_IRQHandler  stm32f4xx_it.o
    0x08003190   0x08003190   0x00000004   Code   RO          494    i.UsageFault_Handler  stm32f4xx_it.o
    0x08003194   0x08003194   0x00000054   Code   RO          785    i._Z18LinePatrol_ReceiveP20__UART_HandleTypeDef  linepatrol.o
    0x080031e8   0x080031e8   0x000000b4   Code   RO           14    i._Z18SystemClock_Configv  main.o
    0x0800329c   0x0800329c   0x00000158   Code   RO          787    i._Z20LinePatrol_Start_LowPhS_S_  linepatrol.o
    0x080033f4   0x080033f4   0x00000008   Code   RO          886    i._ZN11Class_Motor25Get_Rotate_Direction_FlagEv  motor.o
    0x080033fc   0x080033fc   0x00000006   Code   RO          887    i._ZN11Class_Motor25Set_Rotate_Direction_FlagE21Enum_Rotate_Direction  motor.o
    0x08003402   0x08003402   0x0000008a   Code   RO          888    i._ZN11Class_Motor4InitE17TIM_HandleTypeDefhtP12GPIO_TypeDeftS2_  motor.o
    0x0800348c   0x0800348c   0x000000a6   Code   RO          889    i._ZN11Class_Motor6OutputEv  motor.o
    0x08003532   0x08003532   0x00000002   PAD
    0x08003534   0x08003534   0x00000020   Code   RO           61    i._ZN11Class_MotorC1Ev  main.o
    0x08003554   0x08003554   0x00000074   Code   RO         1167    i._ZN11Class_Steer4InitE17TIM_HandleTypeDefh  steer.o
    0x080035c8   0x080035c8   0x00000016   Code   RO          686    i._ZN13Class_Chassis12Set_VelocityE12SpeedTypeDef  chassis.o
    0x080035de   0x080035de   0x00000028   Code   RO          690    i._ZN13Class_Chassis18Set_Control_MethodE19Enum_Control_Method  chassis.o
    0x08003606   0x08003606   0x00000002   PAD
    0x08003608   0x08003608   0x000001b4   Code   RO          692    i._ZN13Class_Chassis35Calculate_TIM_PeriodElapsedCallbackEv  chassis.o
    0x080037bc   0x080037bc   0x00000510   Code   RO          694    i._ZN13Class_Chassis4InitE17TIM_HandleTypeDefS0_  chassis.o
    0x08003ccc   0x08003ccc   0x000001e8   Code   RO          695    i._ZN13Class_Chassis6R_InitE17TIM_HandleTypeDefS0_  chassis.o
    0x08003eb4   0x08003eb4   0x00000058   Code   RO           58    i._ZN13Class_ChassisC1Ev  main.o
    0x08003f0c   0x08003f0c   0x00000006   Code   RO          898    i._ZN29Class_Motor_With_Hall_Encoder16Set_Omega_TargetEf  motor.o
    0x08003f12   0x08003f12   0x00000006   Code   RO          900    i._ZN29Class_Motor_With_Hall_Encoder18Set_Control_MethodE19Enum_Control_Method  motor.o
    0x08003f18   0x08003f18   0x00000140   Code   RO          903    i._ZN29Class_Motor_With_Hall_Encoder35Calculate_TIM_PeriodElapsedCallbackEv  motor.o
    0x08004058   0x08004058   0x000000fe   Code   RO          904    i._ZN29Class_Motor_With_Hall_Encoder4InitE17TIM_HandleTypeDefhtP12GPIO_TypeDeftS2_S0_tS2_tS2_  motor.o
    0x08004156   0x08004156   0x00000002   PAD
    0x08004158   0x08004158   0x00000064   Code   RO           64    i._ZN29Class_Motor_With_Hall_EncoderC1Ev  main.o
    0x080041bc   0x080041bc   0x000000aa   Code   RO         3069    i._ZN41_INTERNAL_19_stm32f4xx_hal_dma_c_c25f65ec18DMA_CheckFifoParamEP19__DMA_HandleTypeDef  stm32f4xx_hal_dma.o
    0x08004266   0x08004266   0x00000002   PAD
    0x08004268   0x08004268   0x00000034   Code   RO         3070    i._ZN41_INTERNAL_19_stm32f4xx_hal_dma_c_c25f65ec23DMA_CalcBaseAndBitshiftEP19__DMA_HandleTypeDef  stm32f4xx_hal_dma.o
    0x0800429c   0x0800429c   0x00000070   Code   RO         1379    i._ZN41_INTERNAL_19_stm32f4xx_hal_tim_c_a9d95b5217TIM_OC1_SetConfigEP11TIM_TypeDefP18TIM_OC_InitTypeDef  stm32f4xx_hal_tim.o
    0x0800430c   0x0800430c   0x00000078   Code   RO         1380    i._ZN41_INTERNAL_19_stm32f4xx_hal_tim_c_a9d95b5217TIM_OC3_SetConfigEP11TIM_TypeDefP18TIM_OC_InitTypeDef  stm32f4xx_hal_tim.o
    0x08004384   0x08004384   0x00000054   Code   RO         1381    i._ZN41_INTERNAL_19_stm32f4xx_hal_tim_c_a9d95b5217TIM_OC4_SetConfigEP11TIM_TypeDefP18TIM_OC_InitTypeDef  stm32f4xx_hal_tim.o
    0x080043d8   0x080043d8   0x00000012   Code   RO         1386    i._ZN41_INTERNAL_19_stm32f4xx_hal_tim_c_a9d95b5218TIM_ITRx_SetConfigEP11TIM_TypeDefj  stm32f4xx_hal_tim.o
    0x080043ea   0x080043ea   0x00000026   Code   RO         1391    i._ZN41_INTERNAL_19_stm32f4xx_hal_tim_c_a9d95b5224TIM_TI1_ConfigInputStageEP11TIM_TypeDefjj  stm32f4xx_hal_tim.o
    0x08004410   0x08004410   0x00000028   Code   RO         1392    i._ZN41_INTERNAL_19_stm32f4xx_hal_tim_c_a9d95b5224TIM_TI2_ConfigInputStageEP11TIM_TypeDefjj  stm32f4xx_hal_tim.o
    0x08004438   0x08004438   0x0000022c   Code   RO         3908    i._ZN42_INTERNAL_20_stm32f4xx_hal_uart_c_d497114f14UART_SetConfigEP20__UART_HandleTypeDef  stm32f4xx_hal_uart.o
    0x08004664   0x08004664   0x000000f8   Code   RO         3909    i._ZN42_INTERNAL_20_stm32f4xx_hal_uart_c_d497114f15UART_Receive_ITEP20__UART_HandleTypeDef  stm32f4xx_hal_uart.o
    0x0800475c   0x0800475c   0x00000060   Code   RO         3910    i._ZN42_INTERNAL_20_stm32f4xx_hal_uart_c_d497114f16UART_Transmit_ITEP20__UART_HandleTypeDef  stm32f4xx_hal_uart.o
    0x080047bc   0x080047bc   0x0000006c   Code   RO         3913    i._ZN42_INTERNAL_20_stm32f4xx_hal_uart_c_d497114f18UART_EndRxTransferEP20__UART_HandleTypeDef  stm32f4xx_hal_uart.o
    0x08004828   0x08004828   0x00000020   Code   RO         3916    i._ZN42_INTERNAL_20_stm32f4xx_hal_uart_c_d497114f19UART_EndTransmit_ITEP20__UART_HandleTypeDef  stm32f4xx_hal_uart.o
    0x08004848   0x08004848   0x00000014   Code   RO         3917    i._ZN42_INTERNAL_20_stm32f4xx_hal_uart_c_d497114f20UART_DMAAbortOnErrorEP19__DMA_HandleTypeDef  stm32f4xx_hal_uart.o
    0x0800485c   0x0800485c   0x00000028   Code   RO         3413    i._ZN44_INTERNAL_22_stm32f4xx_hal_cortex_c_2992dbc018__NVIC_SetPriorityE9IRQn_Typej  stm32f4xx_hal_cortex.o
    0x08004884   0x08004884   0x00000010   Code   RO         3414    i._ZN44_INTERNAL_22_stm32f4xx_hal_cortex_c_2992dbc026__NVIC_GetPriorityGroupingEv  stm32f4xx_hal_cortex.o
    0x08004894   0x08004894   0x00000006   Code   RO         1052    i._ZN9Class_PID10Set_TargetEf  pid.o
    0x0800489a   0x0800489a   0x00000002   PAD
    0x0800489c   0x0800489c   0x00000220   Code   RO         1060    i._ZN9Class_PID32Adjust_TIM_PeriodElapsedCallbackEv  pid.o
    0x08004abc   0x08004abc   0x00000016   Code   RO         1061    i._ZN9Class_PID4InitEfffff  pid.o
    0x08004ad2   0x08004ad2   0x00000006   Code   RO         1062    i._ZN9Class_PID7Get_OutEv  pid.o
    0x08004ad8   0x08004ad8   0x00000006   Code   RO         1066    i._ZN9Class_PID7Set_NowEf  pid.o
    0x08004ade   0x08004ade   0x00000002   PAD
    0x08004ae0   0x08004ae0   0x00000070   Code   RO           55    i._ZN9Class_PIDC1Ev  main.o
    0x08004b50   0x08004b50   0x0000005e   Code   RO         1214    i._ZN9StepMotor22Set_Motor_Timer_OutputEv  stepmotor.o
    0x08004bae   0x08004bae   0x00000012   Code   RO         1215    i._ZN9StepMotor23Set_Motor_Running_SpeedEjj  stepmotor.o
    0x08004bc0   0x08004bc0   0x0000003a   Code   RO         1216    i._ZN9StepMotor24Set_Motor_Running_StatusEtt  stepmotor.o
    0x08004bfa   0x08004bfa   0x00000072   Code   RO         1217    i._ZN9StepMotor4initEP17TIM_HandleTypeDefjjP12GPIO_TypeDeftS3_t  stepmotor.o
    0x08004c6c   0x08004c6c   0x00000006   Code   RO         1218    i._ZN9StepMotor8Get_htimEv  stepmotor.o
    0x08004c72   0x08004c72   0x00000024   Code   RO         4345    i.__aeabi_vec_ctor_nocookie_nodtor  cpprt_w.l(aeabi_vec_ctor_nocookie_nodtor.o)
    0x08004c96   0x08004c96   0x00000002   PAD
    0x08004c98   0x08004c98   0x00000018   Code   RO           15    i.__sti___6_main_c_Chassis  main.o
    0x08004cb0   0x08004cb0   0x000005b0   Code   RO           16    i.main              main.o
    0x08005260   0x08005260   0x00000028   Code   RO          761    t._Z14Math_ConstrainIfEvPT_S0_S0_  chassis.o
    0x08005288   0x08005288   0x00000014   Code   RO         1039    t._Z14Math_ConstrainIiEvPT_S0_S0_  motor.o
    0x0800529c   0x0800529c   0x0000001a   Code   RO         1154    t._Z8Math_AbsIfET_S0_  pid.o
    0x080052b6   0x080052b6   0x0000000e   Code   RO         1032    t._Z8Math_AbsIiET_S0_  motor.o
    0x080052c4   0x080052c4   0x0000000a   Code   RO         4446    x$fpl$fpinit        fz_wm.l(fpinit.o)
    0x080052ce   0x080052ce   0x00000002   PAD
    0x080052d0   0x080052d0   0x0000000c   Data   RO           22    .constdata          main.o
    0x080052dc   0x080052dc   0x00000008   Data   RO         3086    .constdata          stm32f4xx_hal_dma.o
    0x080052e4   0x080052e4   0x00000018   Data   RO         4295    .constdata          system_stm32f4xx.o
    0x080052fc   0x080052fc   0x00000020   Data   RO         4661    Region$$Table       anon$$obj.o
    0x0800531c   0x0800531c   0x00000004   Data   RO           24    .init_array         main.o
    0x08005320   0x0800531c   0x00000000   Data   RO         4340    .init_array         c_w.l(init_aeabi.o)


    Execution Region RW_IRAM2 (Exec base: 0x10000000, Load base: 0x080053f0, Size: 0x00000000, Max: 0x00010000, ABSOLUTE)

    **** No section assigned to this execution region ****


    Execution Region RW_IRAM1 (Exec base: 0x20000000, Load base: 0x08005320, Size: 0x00001c58, Max: 0x00030000, ABSOLUTE)

    Exec Addr    Load Addr    Size         Type   Attr      Idx    E Section Name        Object

    0x20000000   0x08005320   0x00000041   Data   RW           23    .data               main.o
    0x20000041   0x08005361   0x00000003   PAD
    0x20000044   0x08005364   0x0000007c   Data   RW          801    .data               linepatrol.o
    0x200000c0   0x080053e0   0x00000009   Data   RW         3613    .data               stm32f4xx_hal.o
    0x200000c9   0x080053e9   0x00000003   PAD
    0x200000cc   0x080053ec   0x00000004   Data   RW         4296    .data               system_stm32f4xx.o
    0x200000d0        -       0x000011d4   Zero   RW           21    .bss                main.o
    0x200012a4        -       0x000001b0   Zero   RW          343    .bss                tim.o
    0x20001454        -       0x00000170   Zero   RW          427    .bss                usart.o
    0x200015c4        -       0x0000000c   Zero   RW          800    .bss                linepatrol.o
    0x200015d0        -       0x00000024   Zero   RW         1225    .bss                stepmotor.o
    0x200015f4        -       0x00000060   Zero   RW         4476    .bss                c_w.l(libspace.o)
    0x20001654   0x080053f0   0x00000004   PAD
    0x20001658        -       0x00000200   Zero   RW            2    HEAP                startup_stm32f427xx.o
    0x20001858        -       0x00000400   Zero   RW            1    STACK               startup_stm32f427xx.o


==============================================================================

Image component sizes


      Code (inc. data)   RO Data    RW Data    ZI Data      Debug   Object Name

      2322         60          0          0          0       5076   chassis.o
        56          4          0          0          0        782   dma.o
       556         30          0          0          0     734859   gpio.o
       536         92          0        124         12       5120   linepatrol.o
      1998        150         16         65       4564     744651   main.o
       938          4          0          0          0       6548   motor.o
       610          4          0          0          0       3495   pid.o
        64         26        428          0       1536        840   startup_stm32f427xx.o
       116          0          0          0          0       1309   steer.o
       318          6          0          0         36       5343   stepmotor.o
       212         36          0          9          0       9545   stm32f4xx_hal.o
       304         22          0          0          0      34455   stm32f4xx_hal_cortex.o
      1246         16          8          0          0       5375   stm32f4xx_hal_dma.o
       540         54          0          0          0       2144   stm32f4xx_hal_gpio.o
        72          4          0          0          0        874   stm32f4xx_hal_msp.o
      1820         84          0          0          0       5624   stm32f4xx_hal_rcc.o
      3114        200          0          0          0      19651   stm32f4xx_hal_tim.o
       300         30          0          0          0       3333   stm32f4xx_hal_tim_ex.o
      2144         14          0          0          0      11267   stm32f4xx_hal_uart.o
       114         30          0          0          0       6678   stm32f4xx_it.o
        20          6         24          4          0       1143   system_stm32f4xx.o
      1736        112          0          0        432       6515   tim.o
       820         80          0          0        368       3795   usart.o

    ----------------------------------------------------------------------
     19984       1064        508        208       6948    1618422   Object Totals
         0          0         32          0          0          0   (incl. Generated)
        28          0          0          6          0          0   (incl. Padding)

    ----------------------------------------------------------------------

      Code (inc. data)   RO Data    RW Data    ZI Data      Debug   Library Member Name

         8          0          0          0          0         68   __main.o
         0          0          0          0          0          0   __rtentry.o
        12          0          0          0          0          0   __rtentry2.o
         6          0          0          0          0          0   __rtentry4.o
        52          8          0          0          0          0   __scatter.o
        26          0          0          0          0          0   __scatter_copy.o
        28          0          0          0          0          0   __scatter_zi.o
        18          0          0          0          0         80   exit.o
         6          0          0          0          0        152   heapauxi.o
         0          0          0          0          0          0   indicate_semi.o
        36         10          0          0          0         80   init_aeabi.o
         2          0          0          0          0          0   libinit.o
        10          0          0          0          0          0   libinit2.o
         2          0          0          0          0          0   libshutdown.o
         2          0          0          0          0          0   libshutdown2.o
         8          4          0          0         96         68   libspace.o
       238          0          0          0          0        100   lludivv7m.o
        78          0          0          0          0         80   rt_memclr_w.o
       100          0          0          0          0         80   rt_memcpy_w.o
         2          0          0          0          0          0   rtexit.o
        10          0          0          0          0          0   rtexit2.o
        12          4          0          0          0         68   sys_exit.o
        74          0          0          0          0         80   sys_stackheap_outer.o
         2          0          0          0          0         68   use_no_semi.o
        36          0          0          0          0         84   aeabi_vec_ctor_nocookie_nodtor.o
        10          0          0          0          0        116   fpinit.o

    ----------------------------------------------------------------------
       788         26          0          0        100       1124   Library Totals
        10          0          0          0          4          0   (incl. Padding)

    ----------------------------------------------------------------------

      Code (inc. data)   RO Data    RW Data    ZI Data      Debug   Library Name

       732         26          0          0         96        924   c_w.l
        36          0          0          0          0         84   cpprt_w.l
        10          0          0          0          0        116   fz_wm.l

    ----------------------------------------------------------------------
       788         26          0          0        100       1124   Library Totals

    ----------------------------------------------------------------------

==============================================================================


      Code (inc. data)   RO Data    RW Data    ZI Data      Debug   

     20772       1090        508        208       7048    1606030   Grand Totals
     20772       1090        508        208       7048    1606030   ELF Image Totals
     20772       1090        508        208          0          0   ROM Totals

==============================================================================

    Total RO  Size (Code + RO Data)                21280 (  20.78kB)
    Total RW  Size (RW Data + ZI Data)              7256 (   7.09kB)
    Total ROM Size (Code + RO Data + RW Data)      21488 (  20.98kB)

==============================================================================

